Archive member included to satisfy reference by file (symbol)

c:/st/stm32cubeide_1.10.1/stm32cubeide/plugins/com.st.stm32cube.ide.mcu.externaltools.gnu-tools-for-stm32.10.3-2021.10.win32_1.0.0.202111181127/tools/bin/../lib/gcc/arm-none-eabi/10.3.1/../../../../arm-none-eabi/lib/thumb/v7e-m+fp/hard\libc_nano.a(lib_a-errno.o)
                              ./Core/Src/syscalls.o (__errno)
c:/st/stm32cubeide_1.10.1/stm32cubeide/plugins/com.st.stm32cube.ide.mcu.externaltools.gnu-tools-for-stm32.10.3-2021.10.win32_1.0.0.202111181127/tools/bin/../lib/gcc/arm-none-eabi/10.3.1/../../../../arm-none-eabi/lib/thumb/v7e-m+fp/hard\libc_nano.a(lib_a-exit.o)
                              c:/st/stm32cubeide_1.10.1/stm32cubeide/plugins/com.st.stm32cube.ide.mcu.externaltools.gnu-tools-for-stm32.10.3-2021.10.win32_1.0.0.202111181127/tools/bin/../lib/gcc/arm-none-eabi/10.3.1/../../../../arm-none-eabi/lib/thumb/v7e-m+fp/hard/crt0.o (exit)
c:/st/stm32cubeide_1.10.1/stm32cubeide/plugins/com.st.stm32cube.ide.mcu.externaltools.gnu-tools-for-stm32.10.3-2021.10.win32_1.0.0.202111181127/tools/bin/../lib/gcc/arm-none-eabi/10.3.1/../../../../arm-none-eabi/lib/thumb/v7e-m+fp/hard\libc_nano.a(lib_a-impure.o)
                              c:/st/stm32cubeide_1.10.1/stm32cubeide/plugins/com.st.stm32cube.ide.mcu.externaltools.gnu-tools-for-stm32.10.3-2021.10.win32_1.0.0.202111181127/tools/bin/../lib/gcc/arm-none-eabi/10.3.1/../../../../arm-none-eabi/lib/thumb/v7e-m+fp/hard\libc_nano.a(lib_a-exit.o) (_global_impure_ptr)
c:/st/stm32cubeide_1.10.1/stm32cubeide/plugins/com.st.stm32cube.ide.mcu.externaltools.gnu-tools-for-stm32.10.3-2021.10.win32_1.0.0.202111181127/tools/bin/../lib/gcc/arm-none-eabi/10.3.1/../../../../arm-none-eabi/lib/thumb/v7e-m+fp/hard\libc_nano.a(lib_a-init.o)
                              c:/st/stm32cubeide_1.10.1/stm32cubeide/plugins/com.st.stm32cube.ide.mcu.externaltools.gnu-tools-for-stm32.10.3-2021.10.win32_1.0.0.202111181127/tools/bin/../lib/gcc/arm-none-eabi/10.3.1/../../../../arm-none-eabi/lib/thumb/v7e-m+fp/hard/crt0.o (__libc_init_array)
c:/st/stm32cubeide_1.10.1/stm32cubeide/plugins/com.st.stm32cube.ide.mcu.externaltools.gnu-tools-for-stm32.10.3-2021.10.win32_1.0.0.202111181127/tools/bin/../lib/gcc/arm-none-eabi/10.3.1/../../../../arm-none-eabi/lib/thumb/v7e-m+fp/hard\libc_nano.a(lib_a-memcmp.o)
                              ./COMMON/third_party/SEGGER/OS/SEGGER_SYSVIEW_FreeRTOS.o (memcmp)
c:/st/stm32cubeide_1.10.1/stm32cubeide/plugins/com.st.stm32cube.ide.mcu.externaltools.gnu-tools-for-stm32.10.3-2021.10.win32_1.0.0.202111181127/tools/bin/../lib/gcc/arm-none-eabi/10.3.1/../../../../arm-none-eabi/lib/thumb/v7e-m+fp/hard\libc_nano.a(lib_a-memcpy-stub.o)
                              ./COMMON/third_party/FreeRTOS/queue.o (memcpy)
c:/st/stm32cubeide_1.10.1/stm32cubeide/plugins/com.st.stm32cube.ide.mcu.externaltools.gnu-tools-for-stm32.10.3-2021.10.win32_1.0.0.202111181127/tools/bin/../lib/gcc/arm-none-eabi/10.3.1/../../../../arm-none-eabi/lib/thumb/v7e-m+fp/hard\libc_nano.a(lib_a-memset.o)
                              c:/st/stm32cubeide_1.10.1/stm32cubeide/plugins/com.st.stm32cube.ide.mcu.externaltools.gnu-tools-for-stm32.10.3-2021.10.win32_1.0.0.202111181127/tools/bin/../lib/gcc/arm-none-eabi/10.3.1/../../../../arm-none-eabi/lib/thumb/v7e-m+fp/hard/crt0.o (memset)
c:/st/stm32cubeide_1.10.1/stm32cubeide/plugins/com.st.stm32cube.ide.mcu.externaltools.gnu-tools-for-stm32.10.3-2021.10.win32_1.0.0.202111181127/tools/bin/../lib/gcc/arm-none-eabi/10.3.1/../../../../arm-none-eabi/lib/thumb/v7e-m+fp/hard\libc_nano.a(lib_a-strlen.o)
                              ./COMMON/third_party/SEGGER/SEGGER/SEGGER_RTT.o (strlen)
c:/st/stm32cubeide_1.10.1/stm32cubeide/plugins/com.st.stm32cube.ide.mcu.externaltools.gnu-tools-for-stm32.10.3-2021.10.win32_1.0.0.202111181127/tools/bin/../lib/gcc/arm-none-eabi/10.3.1/thumb/v7e-m+fp/hard\libgcc.a(_aeabi_uldivmod.o)
                              ./Drivers/STM32F4xx_HAL_Driver/Src/stm32f4xx_hal_rcc.o (__aeabi_uldivmod)
c:/st/stm32cubeide_1.10.1/stm32cubeide/plugins/com.st.stm32cube.ide.mcu.externaltools.gnu-tools-for-stm32.10.3-2021.10.win32_1.0.0.202111181127/tools/bin/../lib/gcc/arm-none-eabi/10.3.1/thumb/v7e-m+fp/hard\libgcc.a(_udivmoddi4.o)
                              c:/st/stm32cubeide_1.10.1/stm32cubeide/plugins/com.st.stm32cube.ide.mcu.externaltools.gnu-tools-for-stm32.10.3-2021.10.win32_1.0.0.202111181127/tools/bin/../lib/gcc/arm-none-eabi/10.3.1/thumb/v7e-m+fp/hard\libgcc.a(_aeabi_uldivmod.o) (__udivmoddi4)
c:/st/stm32cubeide_1.10.1/stm32cubeide/plugins/com.st.stm32cube.ide.mcu.externaltools.gnu-tools-for-stm32.10.3-2021.10.win32_1.0.0.202111181127/tools/bin/../lib/gcc/arm-none-eabi/10.3.1/thumb/v7e-m+fp/hard\libgcc.a(_dvmd_tls.o)
[...]
Memory Configuration

Name             Origin             Length             Attributes
CCMRAM           0x0000000010000000 0x0000000000010000 xrw
RAM              0x0000000020000000 0x0000000000020000 xrw
FLASH            0x0000000008000000 0x0000000000100000 xr
*default*        0x0000000000000000 0xffffffffffffffff

Linker script and memory map

LOAD c:/st/stm32cubeide_1.10.1/stm32cubeide/plugins/com.st.stm32cube.ide.mcu.externaltools.gnu-tools-for-stm32.10.3-2021.10.win32_1.0.0.202111181127/tools/bin/../lib/gcc/arm-none-eabi/10.3.1/thumb/v7e-m+fp/hard/crti.o
LOAD c:/st/stm32cubeide_1.10.1/stm32cubeide/plugins/com.st.stm32cube.ide.mcu.externaltools.gnu-tools-for-stm32.10.3-2021.10.win32_1.0.0.202111181127/tools/bin/../lib/gcc/arm-none-eabi/10.3.1/thumb/v7e-m+fp/hard/crtbegin.o
LOAD c:/st/stm32cubeide_1.10.1/stm32cubeide/plugins/com.st.stm32cube.ide.mcu.externaltools.gnu-tools-for-stm32.10.3-2021.10.win32_1.0.0.202111181127/tools/bin/../lib/gcc/arm-none-eabi/10.3.1/../../../../arm-none-eabi/lib/thumb/v7e-m+fp/hard/crt0.o
LOAD ./COMMON/third_party/FreeRTOS/croutine.o
LOAD ./COMMON/third_party/FreeRTOS/event_groups.o
LOAD ./COMMON/third_party/FreeRTOS/list.o
LOAD ./COMMON/third_party/FreeRTOS/queue.o
LOAD ./COMMON/third_party/FreeRTOS/stream_buffer.o
LOAD ./COMMON/third_party/FreeRTOS/tasks.o
LOAD ./COMMON/third_party/FreeRTOS/timers.o
LOAD ./COMMON/third_party/FreeRTOS/portable/GCC/ARM_CM4F/port.o
LOAD ./COMMON/third_party/FreeRTOS/portable/MemMang/heap_4.o
LOAD ./COMMON/third_party/SEGGER/Config/SEGGER_SYSVIEW_Config_FreeRTOS.o
LOAD ./COMMON/third_party/SEGGER/OS/SEGGER_SYSVIEW_FreeRTOS.o
LOAD ./COMMON/third_party/SEGGER/SEGGER/SEGGER_RTT.o
LOAD ./COMMON/third_party/SEGGER/SEGGER/SEGGER_RTT_ASM_ARMv7M.o
LOAD ./COMMON/third_party/SEGGER/SEGGER/SEGGER_RTT_printf.o
LOAD ./COMMON/third_party/SEGGER/SEGGER/SEGGER_SYSVIEW.o
LOAD ./COMMON/third_party/SEGGER/SEGGER/Syscalls/SEGGER_RTT_Syscalls_GCC.o
LOAD ./Core/Src/main.o
LOAD ./Core/Src/stm32f4xx_hal_msp.o
LOAD ./Core/Src/stm32f4xx_hal_timebase_tim.o
LOAD ./Core/Src/stm32f4xx_it.o
LOAD ./Core/Src/syscalls.o
LOAD ./Core/Src/sysmem.o
LOAD ./Core/Src/system_stm32f4xx.o
LOAD ./Core/Startup/startup_stm32f407vgtx.o
LOAD ./Drivers/STM32F4xx_HAL_Driver/Src/stm32f4xx_hal.o
LOAD ./Drivers/STM32F4xx_HAL_Driver/Src/stm32f4xx_hal_cortex.o
LOAD ./Drivers/STM32F4xx_HAL_Driver/Src/stm32f4xx_hal_dma.o
LOAD ./Drivers/STM32F4xx_HAL_Driver/Src/stm32f4xx_hal_dma_ex.o
LOAD ./Drivers/STM32F4xx_HAL_Driver/Src/stm32f4xx_hal_exti.o
LOAD ./Drivers/STM32F4xx_HAL_Driver/Src/stm32f4xx_hal_flash.o
LOAD ./Drivers/STM32F4xx_HAL_Driver/Src/stm32f4xx_hal_flash_ex.o
LOAD ./Drivers/STM32F4xx_HAL_Driver/Src/stm32f4xx_hal_flash_ramfunc.o
LOAD ./Drivers/STM32F4xx_HAL_Driver/Src/stm32f4xx_hal_gpio.o
LOAD ./Drivers/STM32F4xx_HAL_Driver/Src/stm32f4xx_hal_pwr.o
LOAD ./Drivers/STM32F4xx_HAL_Driver/Src/stm32f4xx_hal_pwr_ex.o
LOAD ./Drivers/STM32F4xx_HAL_Driver/Src/stm32f4xx_hal_rcc.o
LOAD ./Drivers/STM32F4xx_HAL_Driver/Src/stm32f4xx_hal_rcc_ex.o
LOAD ./Drivers/STM32F4xx_HAL_Driver/Src/stm32f4xx_hal_tim.o
LOAD ./Drivers/STM32F4xx_HAL_Driver/Src/stm32f4xx_hal_tim_ex.o
START GROUP
LOAD c:/st/stm32cubeide_1.10.1/stm32cubeide/plugins/com.st.stm32cube.ide.mcu.externaltools.gnu-tools-for-stm32.10.3-2021.10.win32_1.0.0.202111181127/tools/bin/../lib/gcc/arm-none-eabi/10.3.1/../../../../arm-none-eabi/lib/thumb/v7e-m+fp/hard\libc_nano.a
LOAD c:/st/stm32cubeide_1.10.1/stm32cubeide/plugins/com.st.stm32cube.ide.mcu.externaltools.gnu-tools-for-stm32.10.3-2021.10.win32_1.0.0.202111181127/tools/bin/../lib/gcc/arm-none-eabi/10.3.1/../../../../arm-none-eabi/lib/thumb/v7e-m+fp/hard\libm.a
END GROUP
START GROUP
LOAD c:/st/stm32cubeide_1.10.1/stm32cubeide/plugins/com.st.stm32cube.ide.mcu.externaltools.gnu-tools-for-stm32.10.3-2021.10.win32_1.0.0.202111181127/tools/bin/../lib/gcc/arm-none-eabi/10.3.1/thumb/v7e-m+fp/hard\libgcc.a
LOAD c:/st/stm32cubeide_1.10.1/stm32cubeide/plugins/com.st.stm32cube.ide.mcu.externaltools.gnu-tools-for-stm32.10.3-2021.10.win32_1.0.0.202111181127/tools/bin/../lib/gcc/arm-none-eabi/10.3.1/../../../../arm-none-eabi/lib/thumb/v7e-m+fp/hard\libc_nano.a
END GROUP
START GROUP
LOAD c:/st/stm32cubeide_1.10.1/stm32cubeide/plugins/com.st.stm32cube.ide.mcu.externaltools.gnu-tools-for-stm32.10.3-2021.10.win32_1.0.0.202111181127/tools/bin/../lib/gcc/arm-none-eabi/10.3.1/thumb/v7e-m+fp/hard\libgcc.a
LOAD c:/st/stm32cubeide_1.10.1/stm32cubeide/plugins/com.st.stm32cube.ide.mcu.externaltools.gnu-tools-for-stm32.10.3-2021.10.win32_1.0.0.202111181127/tools/bin/../lib/gcc/arm-none-eabi/10.3.1/../../../../arm-none-eabi/lib/thumb/v7e-m+fp/hard\libc_nano.a
LOAD c:/st/stm32cubeide_1.10.1/stm32cubeide/plugins/com.st.stm32cube.ide.mcu.externaltools.gnu-tools-for-stm32.10.3-2021.10.win32_1.0.0.202111181127/tools/bin/../lib/gcc/arm-none-eabi/10.3.1/../../../../arm-none-eabi/lib/thumb/v7e-m+fp/hard\libnosys.a
END GROUP
START GROUP
LOAD c:/st/stm32cubeide_1.10.1/stm32cubeide/plugins/com.st.stm32cube.ide.mcu.externaltools.gnu-tools-for-stm32.10.3-2021.10.win32_1.0.0.202111181127/tools/bin/../lib/gcc/arm-none-eabi/10.3.1/thumb/v7e-m+fp/hard\libgcc.a
LOAD c:/st/stm32cubeide_1.10.1/stm32cubeide/plugins/com.st.stm32cube.ide.mcu.externaltools.gnu-tools-for-stm32.10.3-2021.10.win32_1.0.0.202111181127/tools/bin/../lib/gcc/arm-none-eabi/10.3.1/../../../../arm-none-eabi/lib/thumb/v7e-m+fp/hard\libc_nano.a
LOAD c:/st/stm32cubeide_1.10.1/stm32cubeide/plugins/com.st.stm32cube.ide.mcu.externaltools.gnu-tools-for-stm32.10.3-2021.10.win32_1.0.0.202111181127/tools/bin/../lib/gcc/arm-none-eabi/10.3.1/../../../../arm-none-eabi/lib/thumb/v7e-m+fp/hard\libnosys.a
END GROUP
LOAD c:/st/stm32cubeide_1.10.1/stm32cubeide/plugins/com.st.stm32cube.ide.mcu.externaltools.gnu-tools-for-stm32.10.3-2021.10.win32_1.0.0.202111181127/tools/bin/../lib/gcc/arm-none-eabi/10.3.1/thumb/v7e-m+fp/hard/crtend.o
LOAD c:/st/stm32cubeide_1.10.1/stm32cubeide/plugins/com.st.stm32cube.ide.mcu.externaltools.gnu-tools-for-stm32.10.3-2021.10.win32_1.0.0.202111181127/tools/bin/../lib/gcc/arm-none-eabi/10.3.1/thumb/v7e-m+fp/hard/crtn.o
                0x0000000020020000                _estack = (ORIGIN (RAM) + LENGTH (RAM))
                0x0000000000000200                _Min_Heap_Size = 0x200
                0x0000000000000400                _Min_Stack_Size = 0x400

.isr_vector     0x0000000008000000      0x188
                0x0000000008000000                . = ALIGN (0x4)
 *(.isr_vector)
 .isr_vector    0x0000000008000000      0x188 ./Core/Startup/startup_stm32f407vgtx.o
                0x0000000008000000                g_pfnVectors
                0x0000000008000188                . = ALIGN (0x4)

.text           0x0000000008000190     0x6a5c
                0x0000000008000190                . = ALIGN (0x4)
 *(.text)
 .text          0x0000000008000190       0x40 c:/st/stm32cubeide_1.10.1/stm32cubeide/plugins/com.st.stm32cube.ide.mcu.externaltools.gnu-tools-for-stm32.10.3-2021.10.win32_1.0.0.202111181127/tools/bin/../lib/gcc/arm-none-eabi/10.3.1/thumb/v7e-m+fp/hard/crtbegin.o
 .text          0x00000000080001d0       0x94 ./COMMON/third_party/SEGGER/SEGGER/SEGGER_RTT_ASM_ARMv7M.o
                0x00000000080001d0                SEGGER_RTT_ASM_WriteSkipNoLock
 .text          0x0000000008000264       0x30 c:/st/stm32cubeide_1.10.1/stm32cubeide/plugins/com.st.stm32cube.ide.mcu.externaltools.gnu-tools-for-stm32.10.3-2021.10.win32_1.0.0.202111181127/tools/bin/../lib/gcc/arm-none-eabi/10.3.1/thumb/v7e-m+fp/hard\libgcc.a(_aeabi_uldivmod.o)
                0x0000000008000264                __aeabi_uldivmod
 .text          0x0000000008000294      0x2d0 c:/st/stm32cubeide_1.10.1/stm32cubeide/plugins/com.st.stm32cube.ide.mcu.externaltools.gnu-tools-for-stm32.10.3-2021.10.win32_1.0.0.202111181127/tools/bin/../lib/gcc/arm-none-eabi/10.3.1/thumb/v7e-m+fp/hard\libgcc.a(_udivmoddi4.o)
                0x0000000008000294                __udivmoddi4
 .text          0x0000000008000564        0x4 c:/st/stm32cubeide_1.10.1/stm32cubeide/plugins/com.st.stm32cube.ide.mcu.externaltools.gnu-tools-for-stm32.10.3-2021.10.win32_1.0.0.202111181127/tools/bin/../lib/gcc/arm-none-eabi/10.3.1/thumb/v7e-m+fp/hard\libgcc.a(_dvmd_tls.o)
                0x0000000008000564                __aeabi_idiv0
                0x0000000008000564                __aeabi_ldiv0
 *(.text*)
 .text.vListInitialise
                0x0000000008000568       0x40 ./COMMON/third_party/FreeRTOS/list.o
                0x0000000008000568                vListInitialise
 .text.vListInitialiseItem
                0x00000000080005a8       0x1a ./COMMON/third_party/FreeRTOS/list.o
                0x00000000080005a8                vListInitialiseItem
 .text.vListInsertEnd
                0x00000000080005c2       0x48 ./COMMON/third_party/FreeRTOS/list.o
                0x00000000080005c2                vListInsertEnd
 .text.vListInsert
                0x000000000800060a       0x72 ./COMMON/third_party/FreeRTOS/list.o
                0x000000000800060a                vListInsert
 .text.uxListRemove
                0x000000000800067c       0x54 ./COMMON/third_party/FreeRTOS/list.o
                0x000000000800067c                uxListRemove
 .text.xQueueGenericReset
                0x00000000080006d0       0xd0 ./COMMON/third_party/FreeRTOS/queue.o
                0x00000000080006d0                xQueueGenericReset
 .text.xQueueGenericCreate
                0x00000000080007a0       0xbe ./COMMON/third_party/FreeRTOS/queue.o
                0x00000000080007a0                xQueueGenericCreate
 .text.prvInitialiseNewQueue
                0x000000000800085e       0x52 ./COMMON/third_party/FreeRTOS/queue.o
 .text.xQueueGenericSend
                0x00000000080008b0      0x24c ./COMMON/third_party/FreeRTOS/queue.o
                0x00000000080008b0                xQueueGenericSend
 .text.xQueueGenericSendFromISR
                0x0000000008000afc      0x17c ./COMMON/third_party/FreeRTOS/queue.o
                0x0000000008000afc                xQueueGenericSendFromISR
 .text.xQueueReceive
                0x0000000008000c78      0x220 ./COMMON/third_party/FreeRTOS/queue.o
                0x0000000008000c78                xQueueReceive
 .text.prvCopyDataToQueue
                0x0000000008000e98       0xd4 ./COMMON/third_party/FreeRTOS/queue.o
 .text.prvCopyDataFromQueue
                0x0000000008000f6c       0x4c ./COMMON/third_party/FreeRTOS/queue.o
 .text.prvUnlockQueue
                0x0000000008000fb8       0xa4 ./COMMON/third_party/FreeRTOS/queue.o
 .text.prvIsQueueEmpty
                0x000000000800105c       0x2c ./COMMON/third_party/FreeRTOS/queue.o
 .text.prvIsQueueFull
                0x0000000008001088       0x30 ./COMMON/third_party/FreeRTOS/queue.o
 .text.vQueueAddToRegistry
                0x00000000080010b8       0x64 ./COMMON/third_party/FreeRTOS/queue.o
                0x00000000080010b8                vQueueAddToRegistry
 .text.vQueueWaitForMessageRestricted
                0x000000000800111c       0x68 ./COMMON/third_party/FreeRTOS/queue.o
                0x000000000800111c                vQueueWaitForMessageRestricted
 .text.xTaskCreate
                0x0000000008001184       0x82 ./COMMON/third_party/FreeRTOS/tasks.o
                0x0000000008001184                xTaskCreate
 .text.prvInitialiseNewTask
                0x0000000008001206      0x12c ./COMMON/third_party/FreeRTOS/tasks.o
 *fill*         0x0000000008001332        0x2 
 .text.prvAddNewTaskToReadyList
                0x0000000008001334      0x118 ./COMMON/third_party/FreeRTOS/tasks.o
 .text.vTaskDelete
                0x000000000800144c      0x154 ./COMMON/third_party/FreeRTOS/tasks.o
                0x000000000800144c                vTaskDelete
 .text.vTaskDelay
                0x00000000080015a0       0x70 ./COMMON/third_party/FreeRTOS/tasks.o
                0x00000000080015a0                vTaskDelay
 .text.vTaskStartScheduler
                0x0000000008001610       0xc4 ./COMMON/third_party/FreeRTOS/tasks.o
                0x0000000008001610                vTaskStartScheduler
 .text.vTaskSuspendAll
                0x00000000080016d4       0x1c ./COMMON/third_party/FreeRTOS/tasks.o
                0x00000000080016d4                vTaskSuspendAll
 .text.xTaskResumeAll
                0x00000000080016f0      0x140 ./COMMON/third_party/FreeRTOS/tasks.o
                0x00000000080016f0                xTaskResumeAll
 .text.xTaskGetTickCount
                0x0000000008001830       0x20 ./COMMON/third_party/FreeRTOS/tasks.o
                0x0000000008001830                xTaskGetTickCount
 .text.xTaskIncrementTick
                0x0000000008001850      0x178 ./COMMON/third_party/FreeRTOS/tasks.o
                0x0000000008001850                xTaskIncrementTick
 .text.vTaskSwitchContext
                0x00000000080019c8       0xd4 ./COMMON/third_party/FreeRTOS/tasks.o
                0x00000000080019c8                vTaskSwitchContext
 .text.vTaskPlaceOnEventList
                0x0000000008001a9c       0x48 ./COMMON/third_party/FreeRTOS/tasks.o
                0x0000000008001a9c                vTaskPlaceOnEventList
 .text.vTaskPlaceOnEventListRestricted
                0x0000000008001ae4       0x5c ./COMMON/third_party/FreeRTOS/tasks.o
                0x0000000008001ae4                vTaskPlaceOnEventListRestricted
 .text.xTaskRemoveFromEventList
                0x0000000008001b40       0xcc ./COMMON/third_party/FreeRTOS/tasks.o
                0x0000000008001b40                xTaskRemoveFromEventList
 .text.vTaskInternalSetTimeOutState
                0x0000000008001c0c       0x2c ./COMMON/third_party/FreeRTOS/tasks.o
                0x0000000008001c0c                vTaskInternalSetTimeOutState
 .text.xTaskCheckForTimeOut
                0x0000000008001c38       0xcc ./COMMON/third_party/FreeRTOS/tasks.o
                0x0000000008001c38                xTaskCheckForTimeOut
 .text.vTaskMissedYield
                0x0000000008001d04       0x18 ./COMMON/third_party/FreeRTOS/tasks.o
                0x0000000008001d04                vTaskMissedYield
 .text.prvIdleTask
                0x0000000008001d1c       0x30 ./COMMON/third_party/FreeRTOS/tasks.o
 .text.prvInitialiseTaskLists
                0x0000000008001d4c       0x80 ./COMMON/third_party/FreeRTOS/tasks.o
 .text.prvCheckTasksWaitingTermination
                0x0000000008001dcc       0x5c ./COMMON/third_party/FreeRTOS/tasks.o
 .text.prvDeleteTCB
                0x0000000008001e28       0x20 ./COMMON/third_party/FreeRTOS/tasks.o
 .text.prvResetNextTaskUnblockTime
                0x0000000008001e48       0x38 ./COMMON/third_party/FreeRTOS/tasks.o
 .text.xTaskGetSchedulerState
                0x0000000008001e80       0x3c ./COMMON/third_party/FreeRTOS/tasks.o
                0x0000000008001e80                xTaskGetSchedulerState
 .text.xTaskPriorityDisinherit
                0x0000000008001ebc      0x100 ./COMMON/third_party/FreeRTOS/tasks.o
                0x0000000008001ebc                xTaskPriorityDisinherit
 .text.xTaskGenericNotifyWait
                0x0000000008001fbc      0x110 ./COMMON/third_party/FreeRTOS/tasks.o
                0x0000000008001fbc                xTaskGenericNotifyWait
 .text.xTaskGenericNotify
                0x00000000080020cc      0x1e4 ./COMMON/third_party/FreeRTOS/tasks.o
                0x00000000080020cc                xTaskGenericNotify
 .text.xTaskGenericNotifyFromISR
                0x00000000080022b0      0x22c ./COMMON/third_party/FreeRTOS/tasks.o
                0x00000000080022b0                xTaskGenericNotifyFromISR
 .text.prvAddCurrentTaskToDelayedList
                0x00000000080024dc       0xf0 ./COMMON/third_party/FreeRTOS/tasks.o
 .text.xTimerCreateTimerTask
                0x00000000080025cc       0x64 ./COMMON/third_party/FreeRTOS/timers.o
                0x00000000080025cc                xTimerCreateTimerTask
 .text.xTimerGenericCommand
                0x0000000008002630       0x9c ./COMMON/third_party/FreeRTOS/timers.o
                0x0000000008002630                xTimerGenericCommand
 .text.prvProcessExpiredTimer
                0x00000000080026cc       0x98 ./COMMON/third_party/FreeRTOS/timers.o
 .text.prvTimerTask
                0x0000000008002764       0x24 ./COMMON/third_party/FreeRTOS/timers.o
 .text.prvProcessTimerOrBlockTask
                0x0000000008002788       0x9c ./COMMON/third_party/FreeRTOS/timers.o
 .text.prvGetNextExpireTime
                0x0000000008002824       0x48 ./COMMON/third_party/FreeRTOS/timers.o
 .text.prvSampleTimeNow
                0x000000000800286c       0x40 ./COMMON/third_party/FreeRTOS/timers.o
 .text.prvInsertTimerInActiveList
                0x00000000080028ac       0x84 ./COMMON/third_party/FreeRTOS/timers.o
 .text.prvProcessReceivedCommands
                0x0000000008002930      0x18c ./COMMON/third_party/FreeRTOS/timers.o
 .text.prvSwitchTimerLists
                0x0000000008002abc       0xc8 ./COMMON/third_party/FreeRTOS/timers.o
 .text.prvCheckForValidListAndQueue
                0x0000000008002b84       0x6c ./COMMON/third_party/FreeRTOS/timers.o
 .text.pxPortInitialiseStack
                0x0000000008002bf0       0x68 ./COMMON/third_party/FreeRTOS/portable/GCC/ARM_CM4F/port.o
                0x0000000008002bf0                pxPortInitialiseStack
 .text.prvTaskExitError
                0x0000000008002c58       0x58 ./COMMON/third_party/FreeRTOS/portable/GCC/ARM_CM4F/port.o
 .text.SVC_Handler
                0x0000000008002cb0       0x28 ./COMMON/third_party/FreeRTOS/portable/GCC/ARM_CM4F/port.o
                0x0000000008002cb0                SVC_Handler
 .text.prvPortStartFirstTask
                0x0000000008002cd8       0x2c ./COMMON/third_party/FreeRTOS/portable/GCC/ARM_CM4F/port.o
 .text.xPortStartScheduler
                0x0000000008002d04      0x144 ./COMMON/third_party/FreeRTOS/portable/GCC/ARM_CM4F/port.o
                0x0000000008002d04                xPortStartScheduler
 .text.vPortEnterCritical
                0x0000000008002e48       0x60 ./COMMON/third_party/FreeRTOS/portable/GCC/ARM_CM4F/port.o
                0x0000000008002e48                vPortEnterCritical
 .text.vPortExitCritical
                0x0000000008002ea8       0x54 ./COMMON/third_party/FreeRTOS/portable/GCC/ARM_CM4F/port.o
                0x0000000008002ea8                vPortExitCritical
 *fill*         0x0000000008002efc        0x4 
 .text.PendSV_Handler
                0x0000000008002f00       0x68 ./COMMON/third_party/FreeRTOS/portable/GCC/ARM_CM4F/port.o
                0x0000000008002f00                PendSV_Handler
 .text.SysTick_Handler
                0x0000000008002f68       0x54 ./COMMON/third_party/FreeRTOS/portable/GCC/ARM_CM4F/port.o
                0x0000000008002f68                SysTick_Handler
 .text.vPortSetupTimerInterrupt
                0x0000000008002fbc       0x48 ./COMMON/third_party/FreeRTOS/portable/GCC/ARM_CM4F/port.o
                0x0000000008002fbc                vPortSetupTimerInterrupt
 .text.vPortEnableVFP
                0x0000000008003004       0x18 ./COMMON/third_party/FreeRTOS/portable/GCC/ARM_CM4F/port.o
 .text.vPortValidateInterruptPriority
                0x000000000800301c       0x80 ./COMMON/third_party/FreeRTOS/portable/GCC/ARM_CM4F/port.o
                0x000000000800301c                vPortValidateInterruptPriority
 .text.pvPortMalloc
                0x000000000800309c      0x1c0 ./COMMON/third_party/FreeRTOS/portable/MemMang/heap_4.o
                0x000000000800309c                pvPortMalloc
 .text.vPortFree
                0x000000000800325c       0xc4 ./COMMON/third_party/FreeRTOS/portable/MemMang/heap_4.o
                0x000000000800325c                vPortFree
 .text.prvHeapInit
                0x0000000008003320       0xc4 ./COMMON/third_party/FreeRTOS/portable/MemMang/heap_4.o
 .text.prvInsertBlockIntoFreeList
                0x00000000080033e4       0xb4 ./COMMON/third_party/FreeRTOS/portable/MemMang/heap_4.o
 .text.SYSVIEW_AddTask
                0x0000000008003498       0xd0 ./COMMON/third_party/SEGGER/OS/SEGGER_SYSVIEW_FreeRTOS.o
                0x0000000008003498                SYSVIEW_AddTask
 .text.SYSVIEW_DeleteTask
                0x0000000008003568      0x178 ./COMMON/third_party/SEGGER/OS/SEGGER_SYSVIEW_FreeRTOS.o
                0x0000000008003568                SYSVIEW_DeleteTask
 .text.SYSVIEW_SendTaskInfo
                0x00000000080036e0       0x42 ./COMMON/third_party/SEGGER/OS/SEGGER_SYSVIEW_FreeRTOS.o
                0x00000000080036e0                SYSVIEW_SendTaskInfo
 *fill*         0x0000000008003722        0x2 
 .text._DoInit  0x0000000008003724       0xb0 ./COMMON/third_party/SEGGER/SEGGER/SEGGER_RTT.o
 .text.SEGGER_RTT_ReadNoLock
                0x00000000080037d4      0x10c ./COMMON/third_party/SEGGER/SEGGER/SEGGER_RTT.o
                0x00000000080037d4                SEGGER_RTT_ReadNoLock
 .text._EncodeStr
                0x00000000080038e0       0x9a ./COMMON/third_party/SEGGER/SEGGER/SEGGER_SYSVIEW.o
 .text._PreparePacket
                0x000000000800397a       0x18 ./COMMON/third_party/SEGGER/SEGGER/SEGGER_SYSVIEW.o
 *fill*         0x0000000008003992        0x2 
 .text._HandleIncomingPacket
                0x0000000008003994       0xe4 ./COMMON/third_party/SEGGER/SEGGER/SEGGER_SYSVIEW.o
 .text._TrySendOverflowPacket
                0x0000000008003a78       0xe4 ./COMMON/third_party/SEGGER/SEGGER/SEGGER_SYSVIEW.o
 .text._SendPacket
                0x0000000008003b5c      0x1cc ./COMMON/third_party/SEGGER/SEGGER/SEGGER_SYSVIEW.o
 .text.SEGGER_SYSVIEW_RecordVoid
                0x0000000008003d28       0x3c ./COMMON/third_party/SEGGER/SEGGER/SEGGER_SYSVIEW.o
                0x0000000008003d28                SEGGER_SYSVIEW_RecordVoid
 .text.SEGGER_SYSVIEW_RecordU32
                0x0000000008003d64       0x78 ./COMMON/third_party/SEGGER/SEGGER/SEGGER_SYSVIEW.o
                0x0000000008003d64                SEGGER_SYSVIEW_RecordU32
 .text.SEGGER_SYSVIEW_RecordU32x2
                0x0000000008003ddc       0xb4 ./COMMON/third_party/SEGGER/SEGGER/SEGGER_SYSVIEW.o
                0x0000000008003ddc                SEGGER_SYSVIEW_RecordU32x2
 .text.SEGGER_SYSVIEW_RecordU32x3
                0x0000000008003e90       0xec ./COMMON/third_party/SEGGER/SEGGER/SEGGER_SYSVIEW.o
                0x0000000008003e90                SEGGER_SYSVIEW_RecordU32x3
 .text.SEGGER_SYSVIEW_RecordU32x4
                0x0000000008003f7c      0x124 ./COMMON/third_party/SEGGER/SEGGER/SEGGER_SYSVIEW.o
                0x0000000008003f7c                SEGGER_SYSVIEW_RecordU32x4
 .text.SEGGER_SYSVIEW_RecordU32x5
                0x00000000080040a0      0x15c ./COMMON/third_party/SEGGER/SEGGER/SEGGER_SYSVIEW.o
                0x00000000080040a0                SEGGER_SYSVIEW_RecordU32x5
 .text.SEGGER_SYSVIEW_Start
                0x00000000080041fc      0x174 ./COMMON/third_party/SEGGER/SEGGER/SEGGER_SYSVIEW.o
                0x00000000080041fc                SEGGER_SYSVIEW_Start
 .text.SEGGER_SYSVIEW_Stop
                0x0000000008004370       0x4c ./COMMON/third_party/SEGGER/SEGGER/SEGGER_SYSVIEW.o
                0x0000000008004370                SEGGER_SYSVIEW_Stop
 .text.SEGGER_SYSVIEW_GetSysDesc
                0x00000000080043bc      0x134 ./COMMON/third_party/SEGGER/SEGGER/SEGGER_SYSVIEW.o
                0x00000000080043bc                SEGGER_SYSVIEW_GetSysDesc
 .text.SEGGER_SYSVIEW_SendTaskInfo
                0x00000000080044f0      0x1c8 ./COMMON/third_party/SEGGER/SEGGER/SEGGER_SYSVIEW.o
                0x00000000080044f0                SEGGER_SYSVIEW_SendTaskInfo
 .text.SEGGER_SYSVIEW_SendTaskList
                0x00000000080046b8       0x28 ./COMMON/third_party/SEGGER/SEGGER/SEGGER_SYSVIEW.o
                0x00000000080046b8                SEGGER_SYSVIEW_SendTaskList
 .text.SEGGER_SYSVIEW_RecordSystime
                0x00000000080046e0       0x64 ./COMMON/third_party/SEGGER/SEGGER/SEGGER_SYSVIEW.o
                0x00000000080046e0                SEGGER_SYSVIEW_RecordSystime
 .text.SEGGER_SYSVIEW_RecordEnterISR
                0x0000000008004744       0x84 ./COMMON/third_party/SEGGER/SEGGER/SEGGER_SYSVIEW.o
                0x0000000008004744                SEGGER_SYSVIEW_RecordEnterISR
 .text.SEGGER_SYSVIEW_RecordExitISR
                0x00000000080047c8       0x38 ./COMMON/third_party/SEGGER/SEGGER/SEGGER_SYSVIEW.o
                0x00000000080047c8                SEGGER_SYSVIEW_RecordExitISR
 .text.SEGGER_SYSVIEW_RecordExitISRToScheduler
                0x0000000008004800       0x38 ./COMMON/third_party/SEGGER/SEGGER/SEGGER_SYSVIEW.o
                0x0000000008004800                SEGGER_SYSVIEW_RecordExitISRToScheduler
 .text.SEGGER_SYSVIEW_OnIdle
                0x0000000008004838       0x38 ./COMMON/third_party/SEGGER/SEGGER/SEGGER_SYSVIEW.o
                0x0000000008004838                SEGGER_SYSVIEW_OnIdle
 .text.SEGGER_SYSVIEW_OnTaskCreate
                0x0000000008004870       0x84 ./COMMON/third_party/SEGGER/SEGGER/SEGGER_SYSVIEW.o
                0x0000000008004870                SEGGER_SYSVIEW_OnTaskCreate
 .text.SEGGER_SYSVIEW_OnTaskStartExec
                0x00000000080048f4       0x84 ./COMMON/third_party/SEGGER/SEGGER/SEGGER_SYSVIEW.o
                0x00000000080048f4                SEGGER_SYSVIEW_OnTaskStartExec
 .text.SEGGER_SYSVIEW_OnTaskStartReady
                0x0000000008004978       0x84 ./COMMON/third_party/SEGGER/SEGGER/SEGGER_SYSVIEW.o
                0x0000000008004978                SEGGER_SYSVIEW_OnTaskStartReady
 .text.SEGGER_SYSVIEW_OnTaskStopReady
                0x00000000080049fc       0xc0 ./COMMON/third_party/SEGGER/SEGGER/SEGGER_SYSVIEW.o
                0x00000000080049fc                SEGGER_SYSVIEW_OnTaskStopReady
 .text.SEGGER_SYSVIEW_ShrinkId
                0x0000000008004abc       0x20 ./COMMON/third_party/SEGGER/SEGGER/SEGGER_SYSVIEW.o
                0x0000000008004abc                SEGGER_SYSVIEW_ShrinkId
 .text.SEGGER_SYSVIEW_SendModule
                0x0000000008004adc      0x100 ./COMMON/third_party/SEGGER/SEGGER/SEGGER_SYSVIEW.o
                0x0000000008004adc                SEGGER_SYSVIEW_SendModule
 .text.SEGGER_SYSVIEW_SendModuleDescription
                0x0000000008004bdc       0x3c ./COMMON/third_party/SEGGER/SEGGER/SEGGER_SYSVIEW.o
                0x0000000008004bdc                SEGGER_SYSVIEW_SendModuleDescription
 .text.SEGGER_SYSVIEW_SendNumModules
                0x0000000008004c18       0x7c ./COMMON/third_party/SEGGER/SEGGER/SEGGER_SYSVIEW.o
                0x0000000008004c18                SEGGER_SYSVIEW_SendNumModules
 .text.SEGGER_SYSVIEW_Warn
                0x0000000008004c94       0xb8 ./COMMON/third_party/SEGGER/SEGGER/SEGGER_SYSVIEW.o
                0x0000000008004c94                SEGGER_SYSVIEW_Warn
 .text.main     0x0000000008004d4c      0x12c ./Core/Src/main.o
                0x0000000008004d4c                main
 .text.SystemClock_Config
                0x0000000008004e78       0xd4 ./Core/Src/main.o
                0x0000000008004e78                SystemClock_Config
 .text.MX_GPIO_Init
                0x0000000008004f4c      0x2cc ./Core/Src/main.o
 .text.button_interrupt_Handler
                0x0000000008005218       0x50 ./Core/Src/main.o
                0x0000000008005218                button_interrupt_Handler
 .text.led_green_handler
                0x0000000008005268       0x5c ./Core/Src/main.o
 .text.led_red_handler
                0x00000000080052c4       0x5c ./Core/Src/main.o
 .text.led_orange_handler
                0x0000000008005320       0x64 ./Core/Src/main.o
 .text.button_handler
                0x0000000008005384       0x50 ./Core/Src/main.o
 .text.HAL_TIM_PeriodElapsedCallback
                0x00000000080053d4       0x24 ./Core/Src/main.o
                0x00000000080053d4                HAL_TIM_PeriodElapsedCallback
 .text.Error_Handler
                0x00000000080053f8        0xa ./Core/Src/main.o
                0x00000000080053f8                Error_Handler
 *fill*         0x0000000008005402        0x2 
 .text.HAL_MspInit
                0x0000000008005404       0x50 ./Core/Src/stm32f4xx_hal_msp.o
                0x0000000008005404                HAL_MspInit
 .text.HAL_InitTick
                0x0000000008005454       0xf8 ./Core/Src/stm32f4xx_hal_timebase_tim.o
                0x0000000008005454                HAL_InitTick
 .text.NMI_Handler
                0x000000000800554c        0x6 ./Core/Src/stm32f4xx_it.o
                0x000000000800554c                NMI_Handler
 .text.HardFault_Handler
                0x0000000008005552        0x6 ./Core/Src/stm32f4xx_it.o
                0x0000000008005552                HardFault_Handler
 .text.MemManage_Handler
                0x0000000008005558        0x6 ./Core/Src/stm32f4xx_it.o
                0x0000000008005558                MemManage_Handler
 .text.BusFault_Handler
                0x000000000800555e        0x6 ./Core/Src/stm32f4xx_it.o
                0x000000000800555e                BusFault_Handler
 .text.UsageFault_Handler
                0x0000000008005564        0x6 ./Core/Src/stm32f4xx_it.o
                0x0000000008005564                UsageFault_Handler
 .text.DebugMon_Handler
                0x000000000800556a        0xe ./Core/Src/stm32f4xx_it.o
                0x000000000800556a                DebugMon_Handler
 .text.EXTI0_IRQHandler
                0x0000000008005578       0x12 ./Core/Src/stm32f4xx_it.o
                0x0000000008005578                EXTI0_IRQHandler
 *fill*         0x000000000800558a        0x2 
 .text.TIM6_DAC_IRQHandler
                0x000000000800558c       0x14 ./Core/Src/stm32f4xx_it.o
                0x000000000800558c                TIM6_DAC_IRQHandler
 .text.SystemInit
                0x00000000080055a0       0x24 ./Core/Src/system_stm32f4xx.o
                0x00000000080055a0                SystemInit
 .text.Reset_Handler
                0x00000000080055c4       0x50 ./Core/Startup/startup_stm32f407vgtx.o
                0x00000000080055c4                Reset_Handler
 .text.Default_Handler
                0x0000000008005614        0x2 ./Core/Startup/startup_stm32f407vgtx.o
                0x0000000008005614                RTC_Alarm_IRQHandler
                0x0000000008005614                HASH_RNG_IRQHandler
                0x0000000008005614                EXTI2_IRQHandler
                0x0000000008005614                TIM8_CC_IRQHandler
                0x0000000008005614                TIM1_CC_IRQHandler
                0x0000000008005614                DMA2_Stream5_IRQHandler
                0x0000000008005614                DMA1_Stream5_IRQHandler
                0x0000000008005614                PVD_IRQHandler
                0x0000000008005614                SDIO_IRQHandler
                0x0000000008005614                TAMP_STAMP_IRQHandler
                0x0000000008005614                CAN2_RX1_IRQHandler
                0x0000000008005614                EXTI3_IRQHandler
                0x0000000008005614                TIM8_TRG_COM_TIM14_IRQHandler
                0x0000000008005614                TIM1_UP_TIM10_IRQHandler
                0x0000000008005614                TIM8_UP_TIM13_IRQHandler
                0x0000000008005614                I2C3_ER_IRQHandler
                0x0000000008005614                I2C2_EV_IRQHandler
                0x0000000008005614                DMA1_Stream2_IRQHandler
                0x0000000008005614                CAN1_RX0_IRQHandler
                0x0000000008005614                FPU_IRQHandler
                0x0000000008005614                OTG_HS_WKUP_IRQHandler
                0x0000000008005614                CAN2_SCE_IRQHandler
                0x0000000008005614                DMA2_Stream2_IRQHandler
                0x0000000008005614                SPI1_IRQHandler
                0x0000000008005614                TIM1_BRK_TIM9_IRQHandler
                0x0000000008005614                DCMI_IRQHandler
                0x0000000008005614                CAN2_RX0_IRQHandler
                0x0000000008005614                DMA2_Stream3_IRQHandler
                0x0000000008005614                USART6_IRQHandler
                0x0000000008005614                USART3_IRQHandler
                0x0000000008005614                CAN1_RX1_IRQHandler
                0x0000000008005614                UART5_IRQHandler
                0x0000000008005614                DMA2_Stream0_IRQHandler
                0x0000000008005614                TIM4_IRQHandler
                0x0000000008005614                I2C1_EV_IRQHandler
                0x0000000008005614                DMA1_Stream6_IRQHandler
                0x0000000008005614                DMA1_Stream1_IRQHandler
                0x0000000008005614                UART4_IRQHandler
                0x0000000008005614                TIM3_IRQHandler
                0x0000000008005614                RCC_IRQHandler
                0x0000000008005614                TIM8_BRK_TIM12_IRQHandler
                0x0000000008005614                Default_Handler
                0x0000000008005614                EXTI15_10_IRQHandler
                0x0000000008005614                ADC_IRQHandler
                0x0000000008005614                DMA1_Stream7_IRQHandler
                0x0000000008005614                TIM7_IRQHandler
                0x0000000008005614                CAN2_TX_IRQHandler
                0x0000000008005614                TIM5_IRQHandler
                0x0000000008005614                DMA2_Stream7_IRQHandler
                0x0000000008005614                I2C3_EV_IRQHandler
                0x0000000008005614                EXTI9_5_IRQHandler
                0x0000000008005614                RTC_WKUP_IRQHandler
                0x0000000008005614                ETH_WKUP_IRQHandler
                0x0000000008005614                SPI2_IRQHandler
                0x0000000008005614                OTG_HS_EP1_IN_IRQHandler
                0x0000000008005614                DMA1_Stream0_IRQHandler
                0x0000000008005614                CAN1_TX_IRQHandler
                0x0000000008005614                EXTI4_IRQHandler
                0x0000000008005614                FSMC_IRQHandler
                0x0000000008005614                ETH_IRQHandler
                0x0000000008005614                OTG_HS_EP1_OUT_IRQHandler
                0x0000000008005614                WWDG_IRQHandler
                0x0000000008005614                TIM2_IRQHandler
                0x0000000008005614                OTG_FS_WKUP_IRQHandler
                0x0000000008005614                TIM1_TRG_COM_TIM11_IRQHandler
                0x0000000008005614                OTG_HS_IRQHandler
                0x0000000008005614                EXTI1_IRQHandler
                0x0000000008005614                USART2_IRQHandler
                0x0000000008005614                I2C2_ER_IRQHandler
                0x0000000008005614                DMA2_Stream1_IRQHandler
                0x0000000008005614                CAN1_SCE_IRQHandler
                0x0000000008005614                FLASH_IRQHandler
                0x0000000008005614                DMA2_Stream4_IRQHandler
                0x0000000008005614                USART1_IRQHandler
                0x0000000008005614                OTG_FS_IRQHandler
                0x0000000008005614                SPI3_IRQHandler
                0x0000000008005614                DMA1_Stream4_IRQHandler
                0x0000000008005614                I2C1_ER_IRQHandler
                0x0000000008005614                DMA2_Stream6_IRQHandler
                0x0000000008005614                DMA1_Stream3_IRQHandler
 *fill*         0x0000000008005616        0x2 
 .text.HAL_Init
                0x0000000008005618       0x44 ./Drivers/STM32F4xx_HAL_Driver/Src/stm32f4xx_hal.o
                0x0000000008005618                HAL_Init
 .text.HAL_IncTick
                0x000000000800565c       0x28 ./Drivers/STM32F4xx_HAL_Driver/Src/stm32f4xx_hal.o
                0x000000000800565c                HAL_IncTick
 .text.HAL_GetTick
                0x0000000008005684       0x18 ./Drivers/STM32F4xx_HAL_Driver/Src/stm32f4xx_hal.o
                0x0000000008005684                HAL_GetTick
 .text.__NVIC_SetPriorityGrouping
                0x000000000800569c       0x48 ./Drivers/STM32F4xx_HAL_Driver/Src/stm32f4xx_hal_cortex.o
 .text.__NVIC_GetPriorityGrouping
                0x00000000080056e4       0x1c ./Drivers/STM32F4xx_HAL_Driver/Src/stm32f4xx_hal_cortex.o
 .text.__NVIC_EnableIRQ
                0x0000000008005700       0x3c ./Drivers/STM32F4xx_HAL_Driver/Src/stm32f4xx_hal_cortex.o
 .text.__NVIC_SetPriority
                0x000000000800573c       0x54 ./Drivers/STM32F4xx_HAL_Driver/Src/stm32f4xx_hal_cortex.o
 .text.NVIC_EncodePriority
                0x0000000008005790       0x66 ./Drivers/STM32F4xx_HAL_Driver/Src/stm32f4xx_hal_cortex.o
 .text.HAL_NVIC_SetPriorityGrouping
                0x00000000080057f6       0x16 ./Drivers/STM32F4xx_HAL_Driver/Src/stm32f4xx_hal_cortex.o
                0x00000000080057f6                HAL_NVIC_SetPriorityGrouping
 .text.HAL_NVIC_SetPriority
                0x000000000800580c       0x38 ./Drivers/STM32F4xx_HAL_Driver/Src/stm32f4xx_hal_cortex.o
                0x000000000800580c                HAL_NVIC_SetPriority
 .text.HAL_NVIC_EnableIRQ
                0x0000000008005844       0x1c ./Drivers/STM32F4xx_HAL_Driver/Src/stm32f4xx_hal_cortex.o
                0x0000000008005844                HAL_NVIC_EnableIRQ
 .text.HAL_GPIO_Init
                0x0000000008005860      0x338 ./Drivers/STM32F4xx_HAL_Driver/Src/stm32f4xx_hal_gpio.o
                0x0000000008005860                HAL_GPIO_Init
 .text.HAL_GPIO_ReadPin
                0x0000000008005b98       0x30 ./Drivers/STM32F4xx_HAL_Driver/Src/stm32f4xx_hal_gpio.o
                0x0000000008005b98                HAL_GPIO_ReadPin
 .text.HAL_GPIO_WritePin
                0x0000000008005bc8       0x32 ./Drivers/STM32F4xx_HAL_Driver/Src/stm32f4xx_hal_gpio.o
                0x0000000008005bc8                HAL_GPIO_WritePin
 .text.HAL_GPIO_TogglePin
                0x0000000008005bfa       0x34 ./Drivers/STM32F4xx_HAL_Driver/Src/stm32f4xx_hal_gpio.o
                0x0000000008005bfa                HAL_GPIO_TogglePin
 *fill*         0x0000000008005c2e        0x2 
 .text.HAL_GPIO_EXTI_IRQHandler
                0x0000000008005c30       0x30 ./Drivers/STM32F4xx_HAL_Driver/Src/stm32f4xx_hal_gpio.o
                0x0000000008005c30                HAL_GPIO_EXTI_IRQHandler
 .text.HAL_GPIO_EXTI_Callback
                0x0000000008005c60       0x16 ./Drivers/STM32F4xx_HAL_Driver/Src/stm32f4xx_hal_gpio.o
                0x0000000008005c60                HAL_GPIO_EXTI_Callback
 *fill*         0x0000000008005c76        0x2 
 .text.HAL_RCC_OscConfig
                0x0000000008005c78      0x4f0 ./Drivers/STM32F4xx_HAL_Driver/Src/stm32f4xx_hal_rcc.o
                0x0000000008005c78                HAL_RCC_OscConfig
 .text.HAL_RCC_ClockConfig
                0x0000000008006168      0x1cc ./Drivers/STM32F4xx_HAL_Driver/Src/stm32f4xx_hal_rcc.o
                0x0000000008006168                HAL_RCC_ClockConfig
 .text.HAL_RCC_GetSysClockFreq
                0x0000000008006334      0x20c ./Drivers/STM32F4xx_HAL_Driver/Src/stm32f4xx_hal_rcc.o
                0x0000000008006334                HAL_RCC_GetSysClockFreq
 .text.HAL_RCC_GetHCLKFreq
                0x0000000008006540       0x18 ./Drivers/STM32F4xx_HAL_Driver/Src/stm32f4xx_hal_rcc.o
                0x0000000008006540                HAL_RCC_GetHCLKFreq
 .text.HAL_RCC_GetPCLK1Freq
                0x0000000008006558       0x28 ./Drivers/STM32F4xx_HAL_Driver/Src/stm32f4xx_hal_rcc.o
                0x0000000008006558                HAL_RCC_GetPCLK1Freq
 .text.HAL_RCC_GetClockConfig
                0x0000000008006580       0x64 ./Drivers/STM32F4xx_HAL_Driver/Src/stm32f4xx_hal_rcc.o
                0x0000000008006580                HAL_RCC_GetClockConfig
 .text.HAL_TIM_Base_Init
                0x00000000080065e4       0x9e ./Drivers/STM32F4xx_HAL_Driver/Src/stm32f4xx_hal_tim.o
                0x00000000080065e4                HAL_TIM_Base_Init
 .text.HAL_TIM_Base_MspInit
                0x0000000008006682       0x14 ./Drivers/STM32F4xx_HAL_Driver/Src/stm32f4xx_hal_tim.o
                0x0000000008006682                HAL_TIM_Base_MspInit
 *fill*         0x0000000008006696        0x2 
 .text.HAL_TIM_Base_Start_IT
                0x0000000008006698       0xe0 ./Drivers/STM32F4xx_HAL_Driver/Src/stm32f4xx_hal_tim.o
                0x0000000008006698                HAL_TIM_Base_Start_IT
 .text.HAL_TIM_IRQHandler
                0x0000000008006778      0x210 ./Drivers/STM32F4xx_HAL_Driver/Src/stm32f4xx_hal_tim.o
                0x0000000008006778                HAL_TIM_IRQHandler
 .text.HAL_TIM_OC_DelayElapsedCallback
                0x0000000008006988       0x14 ./Drivers/STM32F4xx_HAL_Driver/Src/stm32f4xx_hal_tim.o
                0x0000000008006988                HAL_TIM_OC_DelayElapsedCallback
 .text.HAL_TIM_IC_CaptureCallback
                0x000000000800699c       0x14 ./Drivers/STM32F4xx_HAL_Driver/Src/stm32f4xx_hal_tim.o
                0x000000000800699c                HAL_TIM_IC_CaptureCallback
 .text.HAL_TIM_PWM_PulseFinishedCallback
                0x00000000080069b0       0x14 ./Drivers/STM32F4xx_HAL_Driver/Src/stm32f4xx_hal_tim.o
                0x00000000080069b0                HAL_TIM_PWM_PulseFinishedCallback
 .text.HAL_TIM_TriggerCallback
                0x00000000080069c4       0x14 ./Drivers/STM32F4xx_HAL_Driver/Src/stm32f4xx_hal_tim.o
                0x00000000080069c4                HAL_TIM_TriggerCallback
 .text.TIM_Base_SetConfig
                0x00000000080069d8      0x140 ./Drivers/STM32F4xx_HAL_Driver/Src/stm32f4xx_hal_tim.o
                0x00000000080069d8                TIM_Base_SetConfig
 .text.HAL_TIMEx_CommutCallback
                0x0000000008006b18       0x14 ./Drivers/STM32F4xx_HAL_Driver/Src/stm32f4xx_hal_tim_ex.o
                0x0000000008006b18                HAL_TIMEx_CommutCallback
 .text.HAL_TIMEx_BreakCallback
                0x0000000008006b2c       0x14 ./Drivers/STM32F4xx_HAL_Driver/Src/stm32f4xx_hal_tim_ex.o
                0x0000000008006b2c                HAL_TIMEx_BreakCallback
 .text.__libc_init_array
                0x0000000008006b40       0x48 c:/st/stm32cubeide_1.10.1/stm32cubeide/plugins/com.st.stm32cube.ide.mcu.externaltools.gnu-tools-for-stm32.10.3-2021.10.win32_1.0.0.202111181127/tools/bin/../lib/gcc/arm-none-eabi/10.3.1/../../../../arm-none-eabi/lib/thumb/v7e-m+fp/hard\libc_nano.a(lib_a-init.o)
                0x0000000008006b40                __libc_init_array
 .text.memcmp   0x0000000008006b88       0x20 c:/st/stm32cubeide_1.10.1/stm32cubeide/plugins/com.st.stm32cube.ide.mcu.externaltools.gnu-tools-for-stm32.10.3-2021.10.win32_1.0.0.202111181127/tools/bin/../lib/gcc/arm-none-eabi/10.3.1/../../../../arm-none-eabi/lib/thumb/v7e-m+fp/hard\libc_nano.a(lib_a-memcmp.o)
                0x0000000008006b88                memcmp
 .text.memcpy   0x0000000008006ba8       0x1c c:/st/stm32cubeide_1.10.1/stm32cubeide/plugins/com.st.stm32cube.ide.mcu.externaltools.gnu-tools-for-stm32.10.3-2021.10.win32_1.0.0.202111181127/tools/bin/../lib/gcc/arm-none-eabi/10.3.1/../../../../arm-none-eabi/lib/thumb/v7e-m+fp/hard\libc_nano.a(lib_a-memcpy-stub.o)
                0x0000000008006ba8                memcpy
 .text.memset   0x0000000008006bc4       0x10 c:/st/stm32cubeide_1.10.1/stm32cubeide/plugins/com.st.stm32cube.ide.mcu.externaltools.gnu-tools-for-stm32.10.3-2021.10.win32_1.0.0.202111181127/tools/bin/../lib/gcc/arm-none-eabi/10.3.1/../../../../arm-none-eabi/lib/thumb/v7e-m+fp/hard\libc_nano.a(lib_a-memset.o)
                0x0000000008006bc4                memset
 *(.glue_7)
 .glue_7        0x0000000008006bd4        0x0 linker stubs
 *(.glue_7t)
 .glue_7t       0x0000000008006bd4        0x0 linker stubs
 *(.eh_frame)
 .eh_frame      0x0000000008006bd4        0x0 c:/st/stm32cubeide_1.10.1/stm32cubeide/plugins/com.st.stm32cube.ide.mcu.externaltools.gnu-tools-for-stm32.10.3-2021.10.win32_1.0.0.202111181127/tools/bin/../lib/gcc/arm-none-eabi/10.3.1/thumb/v7e-m+fp/hard/crtbegin.o
 *(.init)
 .init          0x0000000008006bd4        0x4 c:/st/stm32cubeide_1.10.1/stm32cubeide/plugins/com.st.stm32cube.ide.mcu.externaltools.gnu-tools-for-stm32.10.3-2021.10.win32_1.0.0.202111181127/tools/bin/../lib/gcc/arm-none-eabi/10.3.1/thumb/v7e-m+fp/hard/crti.o
                0x0000000008006bd4                _init
 .init          0x0000000008006bd8        0x8 c:/st/stm32cubeide_1.10.1/stm32cubeide/plugins/com.st.stm32cube.ide.mcu.externaltools.gnu-tools-for-stm32.10.3-2021.10.win32_1.0.0.202111181127/tools/bin/../lib/gcc/arm-none-eabi/10.3.1/thumb/v7e-m+fp/hard/crtn.o
 *(.fini)
 .fini          0x0000000008006be0        0x4 c:/st/stm32cubeide_1.10.1/stm32cubeide/plugins/com.st.stm32cube.ide.mcu.externaltools.gnu-tools-for-stm32.10.3-2021.10.win32_1.0.0.202111181127/tools/bin/../lib/gcc/arm-none-eabi/10.3.1/thumb/v7e-m+fp/hard/crti.o
                0x0000000008006be0                _fini
 .fini          0x0000000008006be4        0x8 c:/st/stm32cubeide_1.10.1/stm32cubeide/plugins/com.st.stm32cube.ide.mcu.externaltools.gnu-tools-for-stm32.10.3-2021.10.win32_1.0.0.202111181127/tools/bin/../lib/gcc/arm-none-eabi/10.3.1/thumb/v7e-m+fp/hard/crtn.o
                0x0000000008006bec                . = ALIGN (0x4)
                0x0000000008006bec                _etext = .

.vfp11_veneer   0x0000000008006bec        0x0
 .vfp11_veneer  0x0000000008006bec        0x0 linker stubs

.v4_bx          0x0000000008006bec        0x0
 .v4_bx         0x0000000008006bec        0x0 linker stubs

.iplt           0x0000000008006bec        0x0
 .iplt          0x0000000008006bec        0x0 c:/st/stm32cubeide_1.10.1/stm32cubeide/plugins/com.st.stm32cube.ide.mcu.externaltools.gnu-tools-for-stm32.10.3-2021.10.win32_1.0.0.202111181127/tools/bin/../lib/gcc/arm-none-eabi/10.3.1/thumb/v7e-m+fp/hard/crtbegin.o

.rodata         0x0000000008006bec       0xec
                0x0000000008006bec                . = ALIGN (0x4)
 *(.rodata)
 .rodata        0x0000000008006bec        0x5 ./COMMON/third_party/FreeRTOS/tasks.o
 *fill*         0x0000000008006bf1        0x3 
 .rodata        0x0000000008006bf4        0xd ./COMMON/third_party/FreeRTOS/timers.o
 *fill*         0x0000000008006c01        0x3 
 .rodata        0x0000000008006c04       0x58 ./COMMON/third_party/SEGGER/OS/SEGGER_SYSVIEW_FreeRTOS.o
 .rodata        0x0000000008006c5c       0x17 ./COMMON/third_party/SEGGER/SEGGER/SEGGER_RTT.o
 *fill*         0x0000000008006c73        0x1 
 .rodata        0x0000000008006c74       0x3f ./Core/Src/main.o
 *(.rodata*)
 *fill*         0x0000000008006cb3        0x1 
 .rodata._abSync
                0x0000000008006cb4        0xa ./COMMON/third_party/SEGGER/SEGGER/SEGGER_SYSVIEW.o
 *fill*         0x0000000008006cbe        0x2 
 .rodata.AHBPrescTable
                0x0000000008006cc0       0x10 ./Core/Src/system_stm32f4xx.o
                0x0000000008006cc0                AHBPrescTable
 .rodata.APBPrescTable
                0x0000000008006cd0        0x8 ./Core/Src/system_stm32f4xx.o
                0x0000000008006cd0                APBPrescTable
                0x0000000008006cd8                . = ALIGN (0x4)

.ARM.extab      0x0000000008006cd8        0x0
                0x0000000008006cd8                . = ALIGN (0x4)
 *(.ARM.extab* .gnu.linkonce.armextab.*)
                0x0000000008006cd8                . = ALIGN (0x4)

.ARM            0x0000000008006cd8        0x8
                0x0000000008006cd8                . = ALIGN (0x4)
                0x0000000008006cd8                __exidx_start = .
 *(.ARM.exidx*)
 .ARM.exidx     0x0000000008006cd8        0x8 c:/st/stm32cubeide_1.10.1/stm32cubeide/plugins/com.st.stm32cube.ide.mcu.externaltools.gnu-tools-for-stm32.10.3-2021.10.win32_1.0.0.202111181127/tools/bin/../lib/gcc/arm-none-eabi/10.3.1/thumb/v7e-m+fp/hard\libgcc.a(_udivmoddi4.o)
                0x0000000008006ce0                __exidx_end = .
                0x0000000008006ce0                . = ALIGN (0x4)

.rel.dyn        0x0000000008006ce0        0x0
 .rel.iplt      0x0000000008006ce0        0x0 c:/st/stm32cubeide_1.10.1/stm32cubeide/plugins/com.st.stm32cube.ide.mcu.externaltools.gnu-tools-for-stm32.10.3-2021.10.win32_1.0.0.202111181127/tools/bin/../lib/gcc/arm-none-eabi/10.3.1/thumb/v7e-m+fp/hard/crtbegin.o

.preinit_array  0x0000000008006ce0        0x0
                0x0000000008006ce0                . = ALIGN (0x4)
                0x0000000008006ce0                PROVIDE (__preinit_array_start = .)
 *(.preinit_array*)
                0x0000000008006ce0                PROVIDE (__preinit_array_end = .)
                0x0000000008006ce0                . = ALIGN (0x4)

.init_array     0x0000000008006ce0        0x4
                0x0000000008006ce0                . = ALIGN (0x4)
                0x0000000008006ce0                PROVIDE (__init_array_start = .)
 *(SORT_BY_NAME(.init_array.*))
 *(.init_array*)
 .init_array    0x0000000008006ce0        0x4 c:/st/stm32cubeide_1.10.1/stm32cubeide/plugins/com.st.stm32cube.ide.mcu.externaltools.gnu-tools-for-stm32.10.3-2021.10.win32_1.0.0.202111181127/tools/bin/../lib/gcc/arm-none-eabi/10.3.1/thumb/v7e-m+fp/hard/crtbegin.o
                0x0000000008006ce4                PROVIDE (__init_array_end = .)
                0x0000000008006ce4                . = ALIGN (0x4)

.fini_array     0x0000000008006ce4        0x4
                0x0000000008006ce4                . = ALIGN (0x4)
                [!provide]                        PROVIDE (__fini_array_start = .)
 *(SORT_BY_NAME(.fini_array.*))
 *(.fini_array*)
 .fini_array    0x0000000008006ce4        0x4 c:/st/stm32cubeide_1.10.1/stm32cubeide/plugins/com.st.stm32cube.ide.mcu.externaltools.gnu-tools-for-stm32.10.3-2021.10.win32_1.0.0.202111181127/tools/bin/../lib/gcc/arm-none-eabi/10.3.1/thumb/v7e-m+fp/hard/crtbegin.o
                [!provide]                        PROVIDE (__fini_array_end = .)
                0x0000000008006ce8                . = ALIGN (0x4)
                0x0000000008006ce8                _sidata = LOADADDR (.data)

.data           0x0000000020000000       0x14 load address 0x0000000008006ce8
                0x0000000020000000                . = ALIGN (0x4)
                0x0000000020000000                _sdata = .
 *(.data)
 *(.data*)
 .data.uxTopUsedPriority
                0x0000000020000000        0x4 ./COMMON/third_party/FreeRTOS/tasks.o
                0x0000000020000000                uxTopUsedPriority
 .data.uxCriticalNesting
                0x0000000020000004        0x4 ./COMMON/third_party/FreeRTOS/portable/GCC/ARM_CM4F/port.o
 .data.SystemCoreClock
                0x0000000020000008        0x4 ./Core/Src/system_stm32f4xx.o
                0x0000000020000008                SystemCoreClock
 .data.uwTickPrio
                0x000000002000000c        0x4 ./Drivers/STM32F4xx_HAL_Driver/Src/stm32f4xx_hal.o
                0x000000002000000c                uwTickPrio
 .data.uwTickFreq
                0x0000000020000010        0x1 ./Drivers/STM32F4xx_HAL_Driver/Src/stm32f4xx_hal.o
                0x0000000020000010                uwTickFreq
 *(.RamFunc)
 *(.RamFunc*)
                0x0000000020000014                . = ALIGN (0x4)
 *fill*         0x0000000020000011        0x3 
                0x0000000020000014                _edata = .
                0x0000000008006cfc                _siccmram = LOADADDR (.ccmram)

.igot.plt       0x0000000020000014        0x0 load address 0x0000000008006cfc
 .igot.plt      0x0000000020000014        0x0 c:/st/stm32cubeide_1.10.1/stm32cubeide/plugins/com.st.stm32cube.ide.mcu.externaltools.gnu-tools-for-stm32.10.3-2021.10.win32_1.0.0.202111181127/tools/bin/../lib/gcc/arm-none-eabi/10.3.1/thumb/v7e-m+fp/hard/crtbegin.o

.ccmram         0x0000000010000000        0x0 load address 0x0000000008006cfc
                0x0000000010000000                . = ALIGN (0x4)
                0x0000000010000000                _sccmram = .
 *(.ccmram)
 *(.ccmram*)
                0x0000000010000000                . = ALIGN (0x4)
                0x0000000010000000                _eccmram = .
                0x0000000010000000                . = ALIGN (0x4)

.bss            0x0000000020000014    0x13494
                0x0000000020000014                _sbss = .
                0x0000000020000014                __bss_start__ = _sbss
 *(.bss)
 .bss           0x0000000020000014       0x1c c:/st/stm32cubeide_1.10.1/stm32cubeide/plugins/com.st.stm32cube.ide.mcu.externaltools.gnu-tools-for-stm32.10.3-2021.10.win32_1.0.0.202111181127/tools/bin/../lib/gcc/arm-none-eabi/10.3.1/thumb/v7e-m+fp/hard/crtbegin.o
 *(.bss*)
 .bss.xQueueRegistry
                0x0000000020000030       0x40 ./COMMON/third_party/FreeRTOS/queue.o
                0x0000000020000030                xQueueRegistry
 .bss.pxCurrentTCB
                0x0000000020000070        0x4 ./COMMON/third_party/FreeRTOS/tasks.o
                0x0000000020000070                pxCurrentTCB
 .bss.pxReadyTasksLists
                0x0000000020000074       0x64 ./COMMON/third_party/FreeRTOS/tasks.o
 .bss.xDelayedTaskList1
                0x00000000200000d8       0x14 ./COMMON/third_party/FreeRTOS/tasks.o
 .bss.xDelayedTaskList2
                0x00000000200000ec       0x14 ./COMMON/third_party/FreeRTOS/tasks.o
 .bss.pxDelayedTaskList
                0x0000000020000100        0x4 ./COMMON/third_party/FreeRTOS/tasks.o
 .bss.pxOverflowDelayedTaskList
                0x0000000020000104        0x4 ./COMMON/third_party/FreeRTOS/tasks.o
 .bss.xPendingReadyList
                0x0000000020000108       0x14 ./COMMON/third_party/FreeRTOS/tasks.o
 .bss.xTasksWaitingTermination
                0x000000002000011c       0x14 ./COMMON/third_party/FreeRTOS/tasks.o
 .bss.uxDeletedTasksWaitingCleanUp
                0x0000000020000130        0x4 ./COMMON/third_party/FreeRTOS/tasks.o
 .bss.xSuspendedTaskList
                0x0000000020000134       0x14 ./COMMON/third_party/FreeRTOS/tasks.o
 .bss.uxCurrentNumberOfTasks
                0x0000000020000148        0x4 ./COMMON/third_party/FreeRTOS/tasks.o
 .bss.xTickCount
                0x000000002000014c        0x4 ./COMMON/third_party/FreeRTOS/tasks.o
 .bss.uxTopReadyPriority
                0x0000000020000150        0x4 ./COMMON/third_party/FreeRTOS/tasks.o
 .bss.xSchedulerRunning
                0x0000000020000154        0x4 ./COMMON/third_party/FreeRTOS/tasks.o
 .bss.xPendedTicks
                0x0000000020000158        0x4 ./COMMON/third_party/FreeRTOS/tasks.o
 .bss.xYieldPending
                0x000000002000015c        0x4 ./COMMON/third_party/FreeRTOS/tasks.o
 .bss.xNumOfOverflows
                0x0000000020000160        0x4 ./COMMON/third_party/FreeRTOS/tasks.o
 .bss.uxTaskNumber
                0x0000000020000164        0x4 ./COMMON/third_party/FreeRTOS/tasks.o
 .bss.xNextTaskUnblockTime
                0x0000000020000168        0x4 ./COMMON/third_party/FreeRTOS/tasks.o
 .bss.xIdleTaskHandle
                0x000000002000016c        0x4 ./COMMON/third_party/FreeRTOS/tasks.o
 .bss.uxSchedulerSuspended
                0x0000000020000170        0x4 ./COMMON/third_party/FreeRTOS/tasks.o
 .bss.xActiveTimerList1
                0x0000000020000174       0x14 ./COMMON/third_party/FreeRTOS/timers.o
 .bss.xActiveTimerList2
                0x0000000020000188       0x14 ./COMMON/third_party/FreeRTOS/timers.o
 .bss.pxCurrentTimerList
                0x000000002000019c        0x4 ./COMMON/third_party/FreeRTOS/timers.o
 .bss.pxOverflowTimerList
                0x00000000200001a0        0x4 ./COMMON/third_party/FreeRTOS/timers.o
 .bss.xTimerQueue
                0x00000000200001a4        0x4 ./COMMON/third_party/FreeRTOS/timers.o
 .bss.xTimerTaskHandle
                0x00000000200001a8        0x4 ./COMMON/third_party/FreeRTOS/timers.o
 .bss.xLastTime.0
                0x00000000200001ac        0x4 ./COMMON/third_party/FreeRTOS/timers.o
 .bss.ucMaxSysCallPriority
                0x00000000200001b0        0x1 ./COMMON/third_party/FreeRTOS/portable/GCC/ARM_CM4F/port.o
 *fill*         0x00000000200001b1        0x3 
 .bss.ulMaxPRIGROUPValue
                0x00000000200001b4        0x4 ./COMMON/third_party/FreeRTOS/portable/GCC/ARM_CM4F/port.o
 .bss.ucHeap    0x00000000200001b8    0x12c00 ./COMMON/third_party/FreeRTOS/portable/MemMang/heap_4.o
 .bss.xStart    0x0000000020012db8        0x8 ./COMMON/third_party/FreeRTOS/portable/MemMang/heap_4.o
 .bss.pxEnd     0x0000000020012dc0        0x4 ./COMMON/third_party/FreeRTOS/portable/MemMang/heap_4.o
 .bss.xFreeBytesRemaining
                0x0000000020012dc4        0x4 ./COMMON/third_party/FreeRTOS/portable/MemMang/heap_4.o
 .bss.xMinimumEverFreeBytesRemaining
                0x0000000020012dc8        0x4 ./COMMON/third_party/FreeRTOS/portable/MemMang/heap_4.o
 .bss.xNumberOfSuccessfulAllocations
                0x0000000020012dcc        0x4 ./COMMON/third_party/FreeRTOS/portable/MemMang/heap_4.o
 .bss.xNumberOfSuccessfulFrees
                0x0000000020012dd0        0x4 ./COMMON/third_party/FreeRTOS/portable/MemMang/heap_4.o
 .bss.xBlockAllocatedBit
                0x0000000020012dd4        0x4 ./COMMON/third_party/FreeRTOS/portable/MemMang/heap_4.o
 .bss._aTasks   0x0000000020012dd8       0xa0 ./COMMON/third_party/SEGGER/OS/SEGGER_SYSVIEW_FreeRTOS.o
 .bss._NumTasks
                0x0000000020012e78        0x4 ./COMMON/third_party/SEGGER/OS/SEGGER_SYSVIEW_FreeRTOS.o
 .bss._SEGGER_RTT
                0x0000000020012e7c       0xa8 ./COMMON/third_party/SEGGER/SEGGER/SEGGER_RTT.o
                0x0000000020012e7c                _SEGGER_RTT
 .bss._acUpBuffer
                0x0000000020012f24      0x400 ./COMMON/third_party/SEGGER/SEGGER/SEGGER_RTT.o
 .bss._acDownBuffer
                0x0000000020013324       0x10 ./COMMON/third_party/SEGGER/SEGGER/SEGGER_RTT.o
 .bss._SYSVIEW_Globals
                0x0000000020013334       0x28 ./COMMON/third_party/SEGGER/SEGGER/SEGGER_SYSVIEW.o
 .bss._pFirstModule
                0x000000002001335c        0x4 ./COMMON/third_party/SEGGER/SEGGER/SEGGER_SYSVIEW.o
 .bss._NumModules
                0x0000000020013360        0x1 ./COMMON/third_party/SEGGER/SEGGER/SEGGER_SYSVIEW.o
 *fill*         0x0000000020013361        0x3 
 .bss._aPacket  0x0000000020013364       0xe3 ./COMMON/third_party/SEGGER/SEGGER/SEGGER_SYSVIEW.o
 *fill*         0x0000000020013447        0x1 
 .bss.task1_handle
                0x0000000020013448        0x4 ./Core/Src/main.o
                0x0000000020013448                task1_handle
 .bss.task2_handle
                0x000000002001344c        0x4 ./Core/Src/main.o
                0x000000002001344c                task2_handle
 .bss.task3_handle
                0x0000000020013450        0x4 ./Core/Src/main.o
                0x0000000020013450                task3_handle
 .bss.btn_handle
                0x0000000020013454        0x4 ./Core/Src/main.o
                0x0000000020013454                btn_handle
 .bss.next_task_handle
                0x0000000020013458        0x4 ./Core/Src/main.o
                0x0000000020013458                next_task_handle
 .bss.htim6     0x000000002001345c       0x48 ./Core/Src/stm32f4xx_hal_timebase_tim.o
                0x000000002001345c                htim6
 .bss.uwTick    0x00000000200134a4        0x4 ./Drivers/STM32F4xx_HAL_Driver/Src/stm32f4xx_hal.o
                0x00000000200134a4                uwTick
 *(COMMON)
                0x00000000200134a8                . = ALIGN (0x4)
                0x00000000200134a8                _ebss = .
                0x00000000200134a8                __bss_end__ = _ebss

._user_heap_stack
                0x00000000200134a8      0x600
                0x00000000200134a8                . = ALIGN (0x8)
                [!provide]                        PROVIDE (end = .)
                0x00000000200134a8                PROVIDE (_end = .)
                0x00000000200136a8                . = (. + _Min_Heap_Size)
 *fill*         0x00000000200134a8      0x200 
                0x0000000020013aa8                . = (. + _Min_Stack_Size)
 *fill*         0x00000000200136a8      0x400 
                0x0000000020013aa8                . = ALIGN (0x8)

/DISCARD/
 libc.a(*)
 libm.a(*)
 libgcc.a(*)

.ARM.attributes
                0x0000000000000000       0x30
 *(.ARM.attributes)
 .ARM.attributes
                0x0000000000000000       0x1e c:/st/stm32cubeide_1.10.1/stm32cubeide/plugins/com.st.stm32cube.ide.mcu.externaltools.gnu-tools-for-stm32.10.3-2021.10.win32_1.0.0.202111181127/tools/bin/../lib/gcc/arm-none-eabi/10.3.1/thumb/v7e-m+fp/hard/crti.o
 .ARM.attributes
                0x000000000000001e       0x34 c:/st/stm32cubeide_1.10.1/stm32cubeide/plugins/com.st.stm32cube.ide.mcu.externaltools.gnu-tools-for-stm32.10.3-2021.10.win32_1.0.0.202111181127/tools/bin/../lib/gcc/arm-none-eabi/10.3.1/thumb/v7e-m+fp/hard/crtbegin.o
 .ARM.attributes
                0x0000000000000052       0x34 ./COMMON/third_party/FreeRTOS/list.o
 .ARM.attributes
                0x0000000000000086       0x34 ./COMMON/third_party/FreeRTOS/queue.o
 .ARM.attributes
                0x00000000000000ba       0x34 ./COMMON/third_party/FreeRTOS/tasks.o
 .ARM.attributes
                0x00000000000000ee       0x34 ./COMMON/third_party/FreeRTOS/timers.o
 .ARM.attributes
                0x0000000000000122       0x34 ./COMMON/third_party/FreeRTOS/portable/GCC/ARM_CM4F/port.o
 .ARM.attributes
                0x0000000000000156       0x34 ./COMMON/third_party/FreeRTOS/portable/MemMang/heap_4.o
 .ARM.attributes
                0x000000000000018a       0x34 ./COMMON/third_party/SEGGER/OS/SEGGER_SYSVIEW_FreeRTOS.o
 .ARM.attributes
                0x00000000000001be       0x34 ./COMMON/third_party/SEGGER/SEGGER/SEGGER_RTT.o
 .ARM.attributes
                0x00000000000001f2       0x20 ./COMMON/third_party/SEGGER/SEGGER/SEGGER_RTT_ASM_ARMv7M.o
 .ARM.attributes
                0x0000000000000212       0x34 ./COMMON/third_party/SEGGER/SEGGER/SEGGER_SYSVIEW.o
 .ARM.attributes
                0x0000000000000246       0x34 ./Core/Src/main.o
 .ARM.attributes
                0x000000000000027a       0x34 ./Core/Src/stm32f4xx_hal_msp.o
 .ARM.attributes
                0x00000000000002ae       0x34 ./Core/Src/stm32f4xx_hal_timebase_tim.o
 .ARM.attributes
                0x00000000000002e2       0x34 ./Core/Src/stm32f4xx_it.o
 .ARM.attributes
                0x0000000000000316       0x34 ./Core/Src/system_stm32f4xx.o
 .ARM.attributes
                0x000000000000034a       0x21 ./Core/Startup/startup_stm32f407vgtx.o
 .ARM.attributes
                0x000000000000036b       0x34 ./Drivers/STM32F4xx_HAL_Driver/Src/stm32f4xx_hal.o
 .ARM.attributes
                0x000000000000039f       0x34 ./Drivers/STM32F4xx_HAL_Driver/Src/stm32f4xx_hal_cortex.o
 .ARM.attributes
                0x00000000000003d3       0x34 ./Drivers/STM32F4xx_HAL_Driver/Src/stm32f4xx_hal_gpio.o
 .ARM.attributes
                0x0000000000000407       0x34 ./Drivers/STM32F4xx_HAL_Driver/Src/stm32f4xx_hal_rcc.o
 .ARM.attributes
                0x000000000000043b       0x34 ./Drivers/STM32F4xx_HAL_Driver/Src/stm32f4xx_hal_tim.o
 .ARM.attributes
                0x000000000000046f       0x34 ./Drivers/STM32F4xx_HAL_Driver/Src/stm32f4xx_hal_tim_ex.o
 .ARM.attributes
                0x00000000000004a3       0x34 c:/st/stm32cubeide_1.10.1/stm32cubeide/plugins/com.st.stm32cube.ide.mcu.externaltools.gnu-tools-for-stm32.10.3-2021.10.win32_1.0.0.202111181127/tools/bin/../lib/gcc/arm-none-eabi/10.3.1/../../../../arm-none-eabi/lib/thumb/v7e-m+fp/hard\libc_nano.a(lib_a-init.o)
 .ARM.attributes
                0x00000000000004d7       0x34 c:/st/stm32cubeide_1.10.1/stm32cubeide/plugins/com.st.stm32cube.ide.mcu.externaltools.gnu-tools-for-stm32.10.3-2021.10.win32_1.0.0.202111181127/tools/bin/../lib/gcc/arm-none-eabi/10.3.1/../../../../arm-none-eabi/lib/thumb/v7e-m+fp/hard\libc_nano.a(lib_a-memcmp.o)
 .ARM.attributes
                0x000000000000050b       0x34 c:/st/stm32cubeide_1.10.1/stm32cubeide/plugins/com.st.stm32cube.ide.mcu.externaltools.gnu-tools-for-stm32.10.3-2021.10.win32_1.0.0.202111181127/tools/bin/../lib/gcc/arm-none-eabi/10.3.1/../../../../arm-none-eabi/lib/thumb/v7e-m+fp/hard\libc_nano.a(lib_a-memcpy-stub.o)
 .ARM.attributes
                0x000000000000053f       0x34 c:/st/stm32cubeide_1.10.1/stm32cubeide/plugins/com.st.stm32cube.ide.mcu.externaltools.gnu-tools-for-stm32.10.3-2021.10.win32_1.0.0.202111181127/tools/bin/../lib/gcc/arm-none-eabi/10.3.1/../../../../arm-none-eabi/lib/thumb/v7e-m+fp/hard\libc_nano.a(lib_a-memset.o)
 .ARM.attributes
                0x0000000000000573       0x1e c:/st/stm32cubeide_1.10.1/stm32cubeide/plugins/com.st.stm32cube.ide.mcu.externaltools.gnu-tools-for-stm32.10.3-2021.10.win32_1.0.0.202111181127/tools/bin/../lib/gcc/arm-none-eabi/10.3.1/thumb/v7e-m+fp/hard\libgcc.a(_aeabi_uldivmod.o)
 .ARM.attributes
                0x0000000000000591       0x34 c:/st/stm32cubeide_1.10.1/stm32cubeide/plugins/com.st.stm32cube.ide.mcu.externaltools.gnu-tools-for-stm32.10.3-2021.10.win32_1.0.0.202111181127/tools/bin/../lib/gcc/arm-none-eabi/10.3.1/thumb/v7e-m+fp/hard\libgcc.a(_udivmoddi4.o)
 .ARM.attributes
                0x00000000000005c5       0x1e c:/st/stm32cubeide_1.10.1/stm32cubeide/plugins/com.st.stm32cube.ide.mcu.externaltools.gnu-tools-for-stm32.10.3-2021.10.win32_1.0.0.202111181127/tools/bin/../lib/gcc/arm-none-eabi/10.3.1/thumb/v7e-m+fp/hard\libgcc.a(_dvmd_tls.o)
 .ARM.attributes
                0x00000000000005e3       0x1e c:/st/stm32cubeide_1.10.1/stm32cubeide/plugins/com.st.stm32cube.ide.mcu.externaltools.gnu-tools-for-stm32.10.3-2021.10.win32_1.0.0.202111181127/tools/bin/../lib/gcc/arm-none-eabi/10.3.1/thumb/v7e-m+fp/hard/crtn.o
OUTPUT(Interupt_LED_blink.elf elf32-littlearm)
LOAD linker stubs
LOAD c:/st/stm32cubeide_1.10.1/stm32cubeide/plugins/com.st.stm32cube.ide.mcu.externaltools.gnu-tools-for-stm32.10.3-2021.10.win32_1.0.0.202111181127/tools/bin/../lib/gcc/arm-none-eabi/10.3.1/../../../../arm-none-eabi/lib/thumb/v7e-m+fp/hard\libc.a
LOAD c:/st/stm32cubeide_1.10.1/stm32cubeide/plugins/com.st.stm32cube.ide.mcu.externaltools.gnu-tools-for-stm32.10.3-2021.10.win32_1.0.0.202111181127/tools/bin/../lib/gcc/arm-none-eabi/10.3.1/../../../../arm-none-eabi/lib/thumb/v7e-m+fp/hard\libm.a
LOAD c:/st/stm32cubeide_1.10.1/stm32cubeide/plugins/com.st.stm32cube.ide.mcu.externaltools.gnu-tools-for-stm32.10.3-2021.10.win32_1.0.0.202111181127/tools/bin/../lib/gcc/arm-none-eabi/10.3.1/thumb/v7e-m+fp/hard\libgcc.a

.debug_info     0x0000000000000000    0x144b1
 .debug_info    0x0000000000000000      0x2d1 ./COMMON/third_party/FreeRTOS/list.o
 .debug_info    0x00000000000002d1     0x1988 ./COMMON/third_party/FreeRTOS/queue.o
 .debug_info    0x0000000000001c59     0x23e7 ./COMMON/third_party/FreeRTOS/tasks.o
 .debug_info    0x0000000000004040      0xedd ./COMMON/third_party/FreeRTOS/timers.o
 .debug_info    0x0000000000004f1d      0x5ca ./COMMON/third_party/FreeRTOS/portable/GCC/ARM_CM4F/port.o
 .debug_info    0x00000000000054e7      0x50d ./COMMON/third_party/FreeRTOS/portable/MemMang/heap_4.o
 .debug_info    0x00000000000059f4      0x43d ./COMMON/third_party/SEGGER/OS/SEGGER_SYSVIEW_FreeRTOS.o
 .debug_info    0x0000000000005e31     0x14ff ./COMMON/third_party/SEGGER/SEGGER/SEGGER_RTT.o
 .debug_info    0x0000000000007330       0x26 ./COMMON/third_party/SEGGER/SEGGER/SEGGER_RTT_ASM_ARMv7M.o
 .debug_info    0x0000000000007356     0x380a ./COMMON/third_party/SEGGER/SEGGER/SEGGER_SYSVIEW.o
 .debug_info    0x000000000000ab60     0x13d8 ./Core/Src/main.o
 .debug_info    0x000000000000bf38      0x2a8 ./Core/Src/stm32f4xx_hal_msp.o
 .debug_info    0x000000000000c1e0      0xc4b ./Core/Src/stm32f4xx_hal_timebase_tim.o
 .debug_info    0x000000000000ce2b      0x73c ./Core/Src/stm32f4xx_it.o
 .debug_info    0x000000000000d567      0x523 ./Core/Src/system_stm32f4xx.o
 .debug_info    0x000000000000da8a       0x22 ./Core/Startup/startup_stm32f407vgtx.o
 .debug_info    0x000000000000daac      0x97c ./Drivers/STM32F4xx_HAL_Driver/Src/stm32f4xx_hal.o
 .debug_info    0x000000000000e428      0xe1b ./Drivers/STM32F4xx_HAL_Driver/Src/stm32f4xx_hal_cortex.o
 .debug_info    0x000000000000f243      0x76a ./Drivers/STM32F4xx_HAL_Driver/Src/stm32f4xx_hal_gpio.o
 .debug_info    0x000000000000f9ad      0x966 ./Drivers/STM32F4xx_HAL_Driver/Src/stm32f4xx_hal_rcc.o
 .debug_info    0x0000000000010313     0x2bbe ./Drivers/STM32F4xx_HAL_Driver/Src/stm32f4xx_hal_tim.o
 .debug_info    0x0000000000012ed1     0x15e0 ./Drivers/STM32F4xx_HAL_Driver/Src/stm32f4xx_hal_tim_ex.o

.debug_abbrev   0x0000000000000000     0x2d1d
 .debug_abbrev  0x0000000000000000       0xf2 ./COMMON/third_party/FreeRTOS/list.o
 .debug_abbrev  0x00000000000000f2      0x312 ./COMMON/third_party/FreeRTOS/queue.o
 .debug_abbrev  0x0000000000000404      0x39f ./COMMON/third_party/FreeRTOS/tasks.o
 .debug_abbrev  0x00000000000007a3      0x2d8 ./COMMON/third_party/FreeRTOS/timers.o
 .debug_abbrev  0x0000000000000a7b      0x259 ./COMMON/third_party/FreeRTOS/portable/GCC/ARM_CM4F/port.o
 .debug_abbrev  0x0000000000000cd4      0x212 ./COMMON/third_party/FreeRTOS/portable/MemMang/heap_4.o
 .debug_abbrev  0x0000000000000ee6      0x19e ./COMMON/third_party/SEGGER/OS/SEGGER_SYSVIEW_FreeRTOS.o
 .debug_abbrev  0x0000000000001084      0x24e ./COMMON/third_party/SEGGER/SEGGER/SEGGER_RTT.o
 .debug_abbrev  0x00000000000012d2       0x14 ./COMMON/third_party/SEGGER/SEGGER/SEGGER_RTT_ASM_ARMv7M.o
 .debug_abbrev  0x00000000000012e6      0x326 ./COMMON/third_party/SEGGER/SEGGER/SEGGER_SYSVIEW.o
 .debug_abbrev  0x000000000000160c      0x343 ./Core/Src/main.o
 .debug_abbrev  0x000000000000194f       0xd4 ./Core/Src/stm32f4xx_hal_msp.o
 .debug_abbrev  0x0000000000001a23      0x1e6 ./Core/Src/stm32f4xx_hal_timebase_tim.o
 .debug_abbrev  0x0000000000001c09      0x199 ./Core/Src/stm32f4xx_it.o
 .debug_abbrev  0x0000000000001da2      0x116 ./Core/Src/system_stm32f4xx.o
 .debug_abbrev  0x0000000000001eb8       0x12 ./Core/Startup/startup_stm32f407vgtx.o
 .debug_abbrev  0x0000000000001eca      0x20d ./Drivers/STM32F4xx_HAL_Driver/Src/stm32f4xx_hal.o
 .debug_abbrev  0x00000000000020d7      0x316 ./Drivers/STM32F4xx_HAL_Driver/Src/stm32f4xx_hal_cortex.o
 .debug_abbrev  0x00000000000023ed      0x1c4 ./Drivers/STM32F4xx_HAL_Driver/Src/stm32f4xx_hal_gpio.o
 .debug_abbrev  0x00000000000025b1      0x2aa ./Drivers/STM32F4xx_HAL_Driver/Src/stm32f4xx_hal_rcc.o
 .debug_abbrev  0x000000000000285b      0x25d ./Drivers/STM32F4xx_HAL_Driver/Src/stm32f4xx_hal_tim.o
 .debug_abbrev  0x0000000000002ab8      0x265 ./Drivers/STM32F4xx_HAL_Driver/Src/stm32f4xx_hal_tim_ex.o

.debug_aranges  0x0000000000000000     0x12d0
 .debug_aranges
                0x0000000000000000       0x40 ./COMMON/third_party/FreeRTOS/list.o
 .debug_aranges
                0x0000000000000040      0x130 ./COMMON/third_party/FreeRTOS/queue.o
 .debug_aranges
                0x0000000000000170      0x208 ./COMMON/third_party/FreeRTOS/tasks.o
 .debug_aranges
                0x0000000000000378       0xd8 ./COMMON/third_party/FreeRTOS/timers.o
 .debug_aranges
                0x0000000000000450       0x88 ./COMMON/third_party/FreeRTOS/portable/GCC/ARM_CM4F/port.o
 .debug_aranges
                0x00000000000004d8       0x58 ./COMMON/third_party/FreeRTOS/portable/MemMang/heap_4.o
 .debug_aranges
                0x0000000000000530       0x48 ./COMMON/third_party/SEGGER/OS/SEGGER_SYSVIEW_FreeRTOS.o
 .debug_aranges
                0x0000000000000578      0x138 ./COMMON/third_party/SEGGER/SEGGER/SEGGER_RTT.o
 .debug_aranges
                0x00000000000006b0       0x20 ./COMMON/third_party/SEGGER/SEGGER/SEGGER_RTT_ASM_ARMv7M.o
 .debug_aranges
                0x00000000000006d0      0x280 ./COMMON/third_party/SEGGER/SEGGER/SEGGER_SYSVIEW.o
 .debug_aranges
                0x0000000000000950       0x68 ./Core/Src/main.o
 .debug_aranges
                0x00000000000009b8       0x20 ./Core/Src/stm32f4xx_hal_msp.o
 .debug_aranges
                0x00000000000009d8       0x30 ./Core/Src/stm32f4xx_hal_timebase_tim.o
 .debug_aranges
                0x0000000000000a08       0x58 ./Core/Src/stm32f4xx_it.o
 .debug_aranges
                0x0000000000000a60       0x28 ./Core/Src/system_stm32f4xx.o
 .debug_aranges
                0x0000000000000a88       0x28 ./Core/Startup/startup_stm32f407vgtx.o
 .debug_aranges
                0x0000000000000ab0       0xf0 ./Drivers/STM32F4xx_HAL_Driver/Src/stm32f4xx_hal.o
 .debug_aranges
                0x0000000000000ba0      0x118 ./Drivers/STM32F4xx_HAL_Driver/Src/stm32f4xx_hal_cortex.o
 .debug_aranges
                0x0000000000000cb8       0x58 ./Drivers/STM32F4xx_HAL_Driver/Src/stm32f4xx_hal_gpio.o
 .debug_aranges
                0x0000000000000d10       0x88 ./Drivers/STM32F4xx_HAL_Driver/Src/stm32f4xx_hal_rcc.o
 .debug_aranges
                0x0000000000000d98      0x3d0 ./Drivers/STM32F4xx_HAL_Driver/Src/stm32f4xx_hal_tim.o
 .debug_aranges
                0x0000000000001168      0x168 ./Drivers/STM32F4xx_HAL_Driver/Src/stm32f4xx_hal_tim_ex.o

.debug_ranges   0x0000000000000000     0x1168
 .debug_ranges  0x0000000000000000       0x30 ./COMMON/third_party/FreeRTOS/list.o
 .debug_ranges  0x0000000000000030      0x120 ./COMMON/third_party/FreeRTOS/queue.o
 .debug_ranges  0x0000000000000150      0x1f8 ./COMMON/third_party/FreeRTOS/tasks.o
 .debug_ranges  0x0000000000000348       0xc8 ./COMMON/third_party/FreeRTOS/timers.o
 .debug_ranges  0x0000000000000410       0x78 ./COMMON/third_party/FreeRTOS/portable/GCC/ARM_CM4F/port.o
 .debug_ranges  0x0000000000000488       0x48 ./COMMON/third_party/FreeRTOS/portable/MemMang/heap_4.o
 .debug_ranges  0x00000000000004d0       0x38 ./COMMON/third_party/SEGGER/OS/SEGGER_SYSVIEW_FreeRTOS.o
 .debug_ranges  0x0000000000000508      0x128 ./COMMON/third_party/SEGGER/SEGGER/SEGGER_RTT.o
 .debug_ranges  0x0000000000000630      0x270 ./COMMON/third_party/SEGGER/SEGGER/SEGGER_SYSVIEW.o
 .debug_ranges  0x00000000000008a0       0x58 ./Core/Src/main.o
 .debug_ranges  0x00000000000008f8       0x10 ./Core/Src/stm32f4xx_hal_msp.o
 .debug_ranges  0x0000000000000908       0x20 ./Core/Src/stm32f4xx_hal_timebase_tim.o
 .debug_ranges  0x0000000000000928       0x48 ./Core/Src/stm32f4xx_it.o
 .debug_ranges  0x0000000000000970       0x18 ./Core/Src/system_stm32f4xx.o
 .debug_ranges  0x0000000000000988       0x20 ./Core/Startup/startup_stm32f407vgtx.o
 .debug_ranges  0x00000000000009a8       0xe0 ./Drivers/STM32F4xx_HAL_Driver/Src/stm32f4xx_hal.o
 .debug_ranges  0x0000000000000a88      0x108 ./Drivers/STM32F4xx_HAL_Driver/Src/stm32f4xx_hal_cortex.o
 .debug_ranges  0x0000000000000b90       0x48 ./Drivers/STM32F4xx_HAL_Driver/Src/stm32f4xx_hal_gpio.o
 .debug_ranges  0x0000000000000bd8       0x78 ./Drivers/STM32F4xx_HAL_Driver/Src/stm32f4xx_hal_rcc.o
 .debug_ranges  0x0000000000000c50      0x3c0 ./Drivers/STM32F4xx_HAL_Driver/Src/stm32f4xx_hal_tim.o
 .debug_ranges  0x0000000000001010      0x158 ./Drivers/STM32F4xx_HAL_Driver/Src/stm32f4xx_hal_tim_ex.o

.debug_macro    0x0000000000000000    0x20fad
 .debug_macro   0x0000000000000000      0x1f5 ./COMMON/third_party/FreeRTOS/list.o
 .debug_macro   0x00000000000001f5      0x27e ./COMMON/third_party/FreeRTOS/queue.o
 .debug_macro   0x0000000000000473       0x16 ./COMMON/third_party/FreeRTOS/queue.o
 .debug_macro   0x0000000000000489       0x35 ./COMMON/third_party/FreeRTOS/queue.o
 .debug_macro   0x00000000000004be       0x20 ./COMMON/third_party/FreeRTOS/queue.o
 .debug_macro   0x00000000000004de       0x80 ./COMMON/third_party/FreeRTOS/queue.o
 .debug_macro   0x000000000000055e      0x2e2 ./COMMON/third_party/FreeRTOS/tasks.o
 .debug_macro   0x0000000000000840       0x10 ./COMMON/third_party/FreeRTOS/tasks.o
 .debug_macro   0x0000000000000850      0x23e ./COMMON/third_party/FreeRTOS/timers.o
 .debug_macro   0x0000000000000a8e       0x97 ./COMMON/third_party/FreeRTOS/timers.o
 .debug_macro   0x0000000000000b25      0x1f8 ./COMMON/third_party/FreeRTOS/portable/GCC/ARM_CM4F/port.o
 .debug_macro   0x0000000000000d1d      0x210 ./COMMON/third_party/FreeRTOS/portable/MemMang/heap_4.o
 .debug_macro   0x0000000000000f2d      0x204 ./COMMON/third_party/SEGGER/OS/SEGGER_SYSVIEW_FreeRTOS.o
 .debug_macro   0x0000000000001131      0x1bd ./COMMON/third_party/SEGGER/SEGGER/SEGGER_RTT.o
 .debug_macro   0x00000000000012ee       0x34 ./COMMON/third_party/SEGGER/SEGGER/SEGGER_RTT.o
 .debug_macro   0x0000000000001322      0x138 ./COMMON/third_party/SEGGER/SEGGER/SEGGER_RTT.o
 .debug_macro   0x000000000000145a      0x213 ./COMMON/third_party/SEGGER/SEGGER/SEGGER_SYSVIEW.o
 .debug_macro   0x000000000000166d      0x204 ./COMMON/third_party/SEGGER/SEGGER/SEGGER_SYSVIEW.o
 .debug_macro   0x0000000000001871      0x16e ./COMMON/third_party/SEGGER/SEGGER/SEGGER_SYSVIEW.o
 .debug_macro   0x00000000000019df      0x3f3 ./Core/Src/main.o
 .debug_macro   0x0000000000001dd2      0x295 ./Core/Src/main.o
 .debug_macro   0x0000000000002067       0x2e ./Core/Src/main.o
 .debug_macro   0x0000000000002095       0x2f ./Core/Src/main.o
 .debug_macro   0x00000000000020c4       0x1c ./Core/Src/main.o
 .debug_macro   0x00000000000020e0       0x22 ./Core/Src/main.o
 .debug_macro   0x0000000000002102       0xd9 ./Core/Src/main.o
 .debug_macro   0x00000000000021db     0x102d ./Core/Src/main.o
 .debug_macro   0x0000000000003208      0x11f ./Core/Src/main.o
 .debug_macro   0x0000000000003327    0x15e82 ./Core/Src/main.o
 .debug_macro   0x00000000000191a9       0x6d ./Core/Src/main.o
 .debug_macro   0x0000000000019216     0x367e ./Core/Src/main.o
 .debug_macro   0x000000000001c894       0x5c ./Core/Src/main.o
 .debug_macro   0x000000000001c8f0      0x96b ./Core/Src/main.o
 .debug_macro   0x000000000001d25b      0x9fe ./Core/Src/main.o
 .debug_macro   0x000000000001dc59      0x115 ./Core/Src/main.o
 .debug_macro   0x000000000001dd6e      0x13e ./Core/Src/main.o
 .debug_macro   0x000000000001deac       0xa5 ./Core/Src/main.o
 .debug_macro   0x000000000001df51      0x174 ./Core/Src/main.o
 .debug_macro   0x000000000001e0c5      0x287 ./Core/Src/main.o
 .debug_macro   0x000000000001e34c       0x5f ./Core/Src/main.o
 .debug_macro   0x000000000001e3ab      0x236 ./Core/Src/main.o
 .debug_macro   0x000000000001e5e1      0x12c ./Core/Src/main.o
 .debug_macro   0x000000000001e70d      0x21e ./Core/Src/main.o
 .debug_macro   0x000000000001e92b       0x2e ./Core/Src/main.o
 .debug_macro   0x000000000001e959      0x11a ./Core/Src/main.o
 .debug_macro   0x000000000001ea73       0x7e ./Core/Src/main.o
 .debug_macro   0x000000000001eaf1       0x89 ./Core/Src/main.o
 .debug_macro   0x000000000001eb7a      0x8e6 ./Core/Src/main.o
 .debug_macro   0x000000000001f460       0x47 ./Core/Src/main.o
 .debug_macro   0x000000000001f4a7      0x12d ./Core/Src/main.o
 .debug_macro   0x000000000001f5d4      0x1ab ./Core/Src/main.o
 .debug_macro   0x000000000001f77f      0x112 ./Core/Src/main.o
 .debug_macro   0x000000000001f891      0x120 ./Core/Src/main.o
 .debug_macro   0x000000000001f9b1       0x16 ./Core/Src/main.o
 .debug_macro   0x000000000001f9c7       0x10 ./Core/Src/main.o
 .debug_macro   0x000000000001f9d7       0x1c ./Core/Src/main.o
 .debug_macro   0x000000000001f9f3       0x52 ./Core/Src/main.o
 .debug_macro   0x000000000001fa45       0x22 ./Core/Src/main.o
 .debug_macro   0x000000000001fa67       0x10 ./Core/Src/main.o
 .debug_macro   0x000000000001fa77       0x52 ./Core/Src/main.o
 .debug_macro   0x000000000001fac9       0xd5 ./Core/Src/main.o
 .debug_macro   0x000000000001fb9e       0x1c ./Core/Src/main.o
 .debug_macro   0x000000000001fbba       0x3d ./Core/Src/main.o
 .debug_macro   0x000000000001fbf7       0x16 ./Core/Src/main.o
 .debug_macro   0x000000000001fc0d      0x145 ./Core/Src/main.o
 .debug_macro   0x000000000001fd52      0x1d3 ./Core/Src/stm32f4xx_hal_msp.o
 .debug_macro   0x000000000001ff25      0x1c4 ./Core/Src/stm32f4xx_hal_timebase_tim.o
 .debug_macro   0x00000000000200e9      0x1dd ./Core/Src/stm32f4xx_it.o
 .debug_macro   0x00000000000202c6      0x1c4 ./Core/Src/system_stm32f4xx.o
 .debug_macro   0x000000000002048a      0x224 ./Drivers/STM32F4xx_HAL_Driver/Src/stm32f4xx_hal.o
 .debug_macro   0x00000000000206ae      0x1c4 ./Drivers/STM32F4xx_HAL_Driver/Src/stm32f4xx_hal_cortex.o
 .debug_macro   0x0000000000020872      0x1ca ./Drivers/STM32F4xx_HAL_Driver/Src/stm32f4xx_hal_gpio.o
 .debug_macro   0x0000000000020a3c      0x1e8 ./Drivers/STM32F4xx_HAL_Driver/Src/stm32f4xx_hal_rcc.o
 .debug_macro   0x0000000000020c24      0x1c5 ./Drivers/STM32F4xx_HAL_Driver/Src/stm32f4xx_hal_tim.o
 .debug_macro   0x0000000000020de9      0x1c4 ./Drivers/STM32F4xx_HAL_Driver/Src/stm32f4xx_hal_tim_ex.o

.debug_line     0x0000000000000000    0x1411b
 .debug_line    0x0000000000000000      0x87f ./COMMON/third_party/FreeRTOS/list.o
 .debug_line    0x000000000000087f     0x1758 ./COMMON/third_party/FreeRTOS/queue.o
 .debug_line    0x0000000000001fd7     0x1ea4 ./COMMON/third_party/FreeRTOS/tasks.o
 .debug_line    0x0000000000003e7b      0xdde ./COMMON/third_party/FreeRTOS/timers.o
 .debug_line    0x0000000000004c59      0x9b2 ./COMMON/third_party/FreeRTOS/portable/GCC/ARM_CM4F/port.o
 .debug_line    0x000000000000560b      0xaca ./COMMON/third_party/FreeRTOS/portable/MemMang/heap_4.o
 .debug_line    0x00000000000060d5      0x913 ./COMMON/third_party/SEGGER/OS/SEGGER_SYSVIEW_FreeRTOS.o
 .debug_line    0x00000000000069e8      0xea2 ./COMMON/third_party/SEGGER/SEGGER/SEGGER_RTT.o
 .debug_line    0x000000000000788a       0xc1 ./COMMON/third_party/SEGGER/SEGGER/SEGGER_RTT_ASM_ARMv7M.o
 .debug_line    0x000000000000794b     0x1f7a ./COMMON/third_party/SEGGER/SEGGER/SEGGER_SYSVIEW.o
 .debug_line    0x00000000000098c5      0xdbc ./Core/Src/main.o
 .debug_line    0x000000000000a681      0x6a3 ./Core/Src/stm32f4xx_hal_msp.o
 .debug_line    0x000000000000ad24      0x71d ./Core/Src/stm32f4xx_hal_timebase_tim.o
 .debug_line    0x000000000000b441      0x75b ./Core/Src/stm32f4xx_it.o
 .debug_line    0x000000000000bb9c      0x725 ./Core/Src/system_stm32f4xx.o
 .debug_line    0x000000000000c2c1       0x88 ./Core/Startup/startup_stm32f407vgtx.o
 .debug_line    0x000000000000c349      0x98b ./Drivers/STM32F4xx_HAL_Driver/Src/stm32f4xx_hal.o
 .debug_line    0x000000000000ccd4      0xc3a ./Drivers/STM32F4xx_HAL_Driver/Src/stm32f4xx_hal_cortex.o
 .debug_line    0x000000000000d90e      0xaff ./Drivers/STM32F4xx_HAL_Driver/Src/stm32f4xx_hal_gpio.o
 .debug_line    0x000000000000e40d      0xd07 ./Drivers/STM32F4xx_HAL_Driver/Src/stm32f4xx_hal_rcc.o
 .debug_line    0x000000000000f114     0x367f ./Drivers/STM32F4xx_HAL_Driver/Src/stm32f4xx_hal_tim.o
 .debug_line    0x0000000000012793     0x1988 ./Drivers/STM32F4xx_HAL_Driver/Src/stm32f4xx_hal_tim_ex.o

.debug_str      0x0000000000000000    0xd7849
 .debug_str     0x0000000000000000     0xe595 ./COMMON/third_party/FreeRTOS/list.o
                                       0xe7e8 (size before relaxing)
 .debug_str     0x000000000000e595     0x2529 ./COMMON/third_party/FreeRTOS/queue.o
                                      0x10cf5 (size before relaxing)
 .debug_str     0x0000000000010abe     0x1d37 ./COMMON/third_party/FreeRTOS/tasks.o
                                      0x11b62 (size before relaxing)
 .debug_str     0x00000000000127f5      0x528 ./COMMON/third_party/FreeRTOS/timers.o
                                      0x11007 (size before relaxing)
 .debug_str     0x0000000000012d1d      0x80f ./COMMON/third_party/FreeRTOS/portable/GCC/ARM_CM4F/port.o
                                       0xd34b (size before relaxing)
 .debug_str     0x000000000001352c      0x331 ./COMMON/third_party/FreeRTOS/portable/MemMang/heap_4.o
                                       0xfcb1 (size before relaxing)
 .debug_str     0x000000000001385d      0x15c ./COMMON/third_party/SEGGER/OS/SEGGER_SYSVIEW_FreeRTOS.o
                                       0xfa29 (size before relaxing)
 .debug_str     0x00000000000139b9     0x1075 ./COMMON/third_party/SEGGER/SEGGER/SEGGER_RTT.o
                                       0x77a2 (size before relaxing)
 .debug_str     0x0000000000014a2e       0x63 ./COMMON/third_party/SEGGER/SEGGER/SEGGER_RTT_ASM_ARMv7M.o
                                         0x98 (size before relaxing)
 .debug_str     0x0000000000014a91      0xdcd ./COMMON/third_party/SEGGER/SEGGER/SEGGER_SYSVIEW.o
                                       0x97b2 (size before relaxing)
 .debug_str     0x000000000001585e    0xbfd7e ./Core/Src/main.o
                                      0xcf85d (size before relaxing)
 .debug_str     0x00000000000d55dc       0x2c ./Core/Src/stm32f4xx_hal_msp.o
                                      0xc20a3 (size before relaxing)
 .debug_str     0x00000000000d5608      0x107 ./Core/Src/stm32f4xx_hal_timebase_tim.o
                                      0xc258c (size before relaxing)
 .debug_str     0x00000000000d570f       0xe3 ./Core/Src/stm32f4xx_it.o
                                      0xc25ab (size before relaxing)
 .debug_str     0x00000000000d57f2       0xcb ./Core/Src/system_stm32f4xx.o
                                      0xc1a95 (size before relaxing)
 .debug_str     0x00000000000d58bd       0x28 ./Core/Startup/startup_stm32f407vgtx.o
                                         0x6b (size before relaxing)
 .debug_str     0x00000000000d58e5      0x5d3 ./Drivers/STM32F4xx_HAL_Driver/Src/stm32f4xx_hal.o
                                      0xc2619 (size before relaxing)
 .debug_str     0x00000000000d5eb8      0x33a ./Drivers/STM32F4xx_HAL_Driver/Src/stm32f4xx_hal_cortex.o
                                      0xc234c (size before relaxing)
 .debug_str     0x00000000000d61f2       0xf4 ./Drivers/STM32F4xx_HAL_Driver/Src/stm32f4xx_hal_gpio.o
                                      0xc1c10 (size before relaxing)
 .debug_str     0x00000000000d62e6      0x1fd ./Drivers/STM32F4xx_HAL_Driver/Src/stm32f4xx_hal_rcc.o
                                      0xc1ec9 (size before relaxing)
 .debug_str     0x00000000000d64e3      0xe63 ./Drivers/STM32F4xx_HAL_Driver/Src/stm32f4xx_hal_tim.o
                                      0xc2e0f (size before relaxing)
 .debug_str     0x00000000000d7346      0x503 ./Drivers/STM32F4xx_HAL_Driver/Src/stm32f4xx_hal_tim_ex.o
                                      0xc262b (size before relaxing)

.comment        0x0000000000000000       0x50
 .comment       0x0000000000000000       0x50 ./COMMON/third_party/FreeRTOS/list.o
                                         0x51 (size before relaxing)
 .comment       0x0000000000000050       0x51 ./COMMON/third_party/FreeRTOS/queue.o
 .comment       0x0000000000000050       0x51 ./COMMON/third_party/FreeRTOS/tasks.o
 .comment       0x0000000000000050       0x51 ./COMMON/third_party/FreeRTOS/timers.o
 .comment       0x0000000000000050       0x51 ./COMMON/third_party/FreeRTOS/portable/GCC/ARM_CM4F/port.o
 .comment       0x0000000000000050       0x51 ./COMMON/third_party/FreeRTOS/portable/MemMang/heap_4.o
 .comment       0x0000000000000050       0x51 ./COMMON/third_party/SEGGER/OS/SEGGER_SYSVIEW_FreeRTOS.o
 .comment       0x0000000000000050       0x51 ./COMMON/third_party/SEGGER/SEGGER/SEGGER_RTT.o
 .comment       0x0000000000000050       0x51 ./COMMON/third_party/SEGGER/SEGGER/SEGGER_SYSVIEW.o
 .comment       0x0000000000000050       0x51 ./Core/Src/main.o
 .comment       0x0000000000000050       0x51 ./Core/Src/stm32f4xx_hal_msp.o
 .comment       0x0000000000000050       0x51 ./Core/Src/stm32f4xx_hal_timebase_tim.o
 .comment       0x0000000000000050       0x51 ./Core/Src/stm32f4xx_it.o
 .comment       0x0000000000000050       0x51 ./Core/Src/system_stm32f4xx.o
 .comment       0x0000000000000050       0x51 ./Drivers/STM32F4xx_HAL_Driver/Src/stm32f4xx_hal.o
 .comment       0x0000000000000050       0x51 ./Drivers/STM32F4xx_HAL_Driver/Src/stm32f4xx_hal_cortex.o
 .comment       0x0000000000000050       0x51 ./Drivers/STM32F4xx_HAL_Driver/Src/stm32f4xx_hal_gpio.o
 .comment       0x0000000000000050       0x51 ./Drivers/STM32F4xx_HAL_Driver/Src/stm32f4xx_hal_rcc.o
 .comment       0x0000000000000050       0x51 ./Drivers/STM32F4xx_HAL_Driver/Src/stm32f4xx_hal_tim.o
 .comment       0x0000000000000050       0x51 ./Drivers/STM32F4xx_HAL_Driver/Src/stm32f4xx_hal_tim_ex.o

.debug_frame    0x0000000000000000     0x4f1c
 .debug_frame   0x0000000000000000       0xd8 ./COMMON/third_party/FreeRTOS/list.o
 .debug_frame   0x00000000000000d8      0x544 ./COMMON/third_party/FreeRTOS/queue.o
 .debug_frame   0x000000000000061c      0x8fc ./COMMON/third_party/FreeRTOS/tasks.o
 .debug_frame   0x0000000000000f18      0x38c ./COMMON/third_party/FreeRTOS/timers.o
 .debug_frame   0x00000000000012a4      0x1d0 ./COMMON/third_party/FreeRTOS/portable/GCC/ARM_CM4F/port.o
 .debug_frame   0x0000000000001474      0x12c ./COMMON/third_party/FreeRTOS/portable/MemMang/heap_4.o
 .debug_frame   0x00000000000015a0      0x104 ./COMMON/third_party/SEGGER/OS/SEGGER_SYSVIEW_FreeRTOS.o
 .debug_frame   0x00000000000016a4      0x530 ./COMMON/third_party/SEGGER/SEGGER/SEGGER_RTT.o
 .debug_frame   0x0000000000001bd4      0xbc4 ./COMMON/third_party/SEGGER/SEGGER/SEGGER_SYSVIEW.o
 .debug_frame   0x0000000000002798      0x15c ./Core/Src/main.o
 .debug_frame   0x00000000000028f4       0x38 ./Core/Src/stm32f4xx_hal_msp.o
 .debug_frame   0x000000000000292c       0x74 ./Core/Src/stm32f4xx_hal_timebase_tim.o
 .debug_frame   0x00000000000029a0       0xe0 ./Core/Src/stm32f4xx_it.o
 .debug_frame   0x0000000000002a80       0x58 ./Core/Src/system_stm32f4xx.o
 .debug_frame   0x0000000000002ad8      0x374 ./Drivers/STM32F4xx_HAL_Driver/Src/stm32f4xx_hal.o
 .debug_frame   0x0000000000002e4c      0x498 ./Drivers/STM32F4xx_HAL_Driver/Src/stm32f4xx_hal_cortex.o
 .debug_frame   0x00000000000032e4      0x14c ./Drivers/STM32F4xx_HAL_Driver/Src/stm32f4xx_hal_gpio.o
 .debug_frame   0x0000000000003430      0x1f4 ./Drivers/STM32F4xx_HAL_Driver/Src/stm32f4xx_hal_rcc.o
 .debug_frame   0x0000000000003624     0x11c4 ./Drivers/STM32F4xx_HAL_Driver/Src/stm32f4xx_hal_tim.o
 .debug_frame   0x00000000000047e8      0x638 ./Drivers/STM32F4xx_HAL_Driver/Src/stm32f4xx_hal_tim_ex.o
 .debug_frame   0x0000000000004e20       0x2c c:/st/stm32cubeide_1.10.1/stm32cubeide/plugins/com.st.stm32cube.ide.mcu.externaltools.gnu-tools-for-stm32.10.3-2021.10.win32_1.0.0.202111181127/tools/bin/../lib/gcc/arm-none-eabi/10.3.1/../../../../arm-none-eabi/lib/thumb/v7e-m+fp/hard\libc_nano.a(lib_a-init.o)
 .debug_frame   0x0000000000004e4c       0x28 c:/st/stm32cubeide_1.10.1/stm32cubeide/plugins/com.st.stm32cube.ide.mcu.externaltools.gnu-tools-for-stm32.10.3-2021.10.win32_1.0.0.202111181127/tools/bin/../lib/gcc/arm-none-eabi/10.3.1/../../../../arm-none-eabi/lib/thumb/v7e-m+fp/hard\libc_nano.a(lib_a-memcmp.o)
 .debug_frame   0x0000000000004e74       0x28 c:/st/stm32cubeide_1.10.1/stm32cubeide/plugins/com.st.stm32cube.ide.mcu.externaltools.gnu-tools-for-stm32.10.3-2021.10.win32_1.0.0.202111181127/tools/bin/../lib/gcc/arm-none-eabi/10.3.1/../../../../arm-none-eabi/lib/thumb/v7e-m+fp/hard\libc_nano.a(lib_a-memcpy-stub.o)
 .debug_frame   0x0000000000004e9c       0x20 c:/st/stm32cubeide_1.10.1/stm32cubeide/plugins/com.st.stm32cube.ide.mcu.externaltools.gnu-tools-for-stm32.10.3-2021.10.win32_1.0.0.202111181127/tools/bin/../lib/gcc/arm-none-eabi/10.3.1/../../../../arm-none-eabi/lib/thumb/v7e-m+fp/hard\libc_nano.a(lib_a-memset.o)
 .debug_frame   0x0000000000004ebc       0x2c c:/st/stm32cubeide_1.10.1/stm32cubeide/plugins/com.st.stm32cube.ide.mcu.externaltools.gnu-tools-for-stm32.10.3-2021.10.win32_1.0.0.202111181127/tools/bin/../lib/gcc/arm-none-eabi/10.3.1/thumb/v7e-m+fp/hard\libgcc.a(_aeabi_uldivmod.o)
 .debug_frame   0x0000000000004ee8       0x34 c:/st/stm32cubeide_1.10.1/stm32cubeide/plugins/com.st.stm32cube.ide.mcu.externaltools.gnu-tools-for-stm32.10.3-2021.10.win32_1.0.0.202111181127/tools/bin/../lib/gcc/arm-none-eabi/10.3.1/thumb/v7e-m+fp/hard\libgcc.a(_udivmoddi4.o)
